Archive member included because of file (symbol)

c:/users/b/desktop/rtos/tools/sdk_win_64/sdk_win_64/sdk_win_64/winavr/bin/../lib/gcc/avr/4.3.3/avr5\libgcc.a(_udivmodhi4.o)
                              ./FreeRTOS_SourceFiles/queue.o (__udivmodhi4)
c:/users/b/desktop/rtos/tools/sdk_win_64/sdk_win_64/sdk_win_64/winavr/bin/../lib/gcc/avr/4.3.3/avr5\libgcc.a(_udivmodsi4.o)
                              ./HAL/HCLCD/HCLCD_Program.o (__udivmodsi4)
c:/users/b/desktop/rtos/tools/sdk_win_64/sdk_win_64/sdk_win_64/winavr/bin/../lib/gcc/avr/4.3.3/avr5\libgcc.a(_exit.o)
                              c:/users/b/desktop/rtos/tools/sdk_win_64/sdk_win_64/sdk_win_64/winavr/bin/../lib/gcc/avr/4.3.3/../../../../avr/lib/avr5/crtm16.o (exit)
c:/users/b/desktop/rtos/tools/sdk_win_64/sdk_win_64/sdk_win_64/winavr/bin/../lib/gcc/avr/4.3.3/avr5\libgcc.a(_copy_data.o)
                              ./FreeRTOS_SourceFiles/tasks.o (__do_copy_data)
c:/users/b/desktop/rtos/tools/sdk_win_64/sdk_win_64/sdk_win_64/winavr/bin/../lib/gcc/avr/4.3.3/avr5\libgcc.a(_clear_bss.o)
                              ./MCAL/MUSART/MUSART_Program.o (__do_clear_bss)
c:/users/b/desktop/rtos/tools/sdk_win_64/sdk_win_64/sdk_win_64/winavr/bin/../lib/gcc/avr/4.3.3/avr5\libgcc.a(_fixunssfsi.o)
                              ./HAL/HCLCD/HCLCD_Program.o (__fixunssfsi)
c:/users/b/desktop/rtos/tools/sdk_win_64/sdk_win_64/sdk_win_64/winavr/bin/../lib/gcc/avr/4.3.3/avr5\libgcc.a(_addsub_sf.o)
                              c:/users/b/desktop/rtos/tools/sdk_win_64/sdk_win_64/sdk_win_64/winavr/bin/../lib/gcc/avr/4.3.3/avr5\libgcc.a(_fixunssfsi.o) (__subsf3)
c:/users/b/desktop/rtos/tools/sdk_win_64/sdk_win_64/sdk_win_64/winavr/bin/../lib/gcc/avr/4.3.3/avr5\libgcc.a(_mul_sf.o)
                              ./HAL/HCLCD/HCLCD_Program.o (__mulsf3)
c:/users/b/desktop/rtos/tools/sdk_win_64/sdk_win_64/sdk_win_64/winavr/bin/../lib/gcc/avr/4.3.3/avr5\libgcc.a(_div_sf.o)
                              ./HAL/ADXL345/ADXL345_I2C.o (__divsf3)
c:/users/b/desktop/rtos/tools/sdk_win_64/sdk_win_64/sdk_win_64/winavr/bin/../lib/gcc/avr/4.3.3/avr5\libgcc.a(_ne_sf.o)
                              ./main.o (__nesf2)
c:/users/b/desktop/rtos/tools/sdk_win_64/sdk_win_64/sdk_win_64/winavr/bin/../lib/gcc/avr/4.3.3/avr5\libgcc.a(_gt_sf.o)
                              ./HAL/HCLCD/HCLCD_Program.o (__gtsf2)
c:/users/b/desktop/rtos/tools/sdk_win_64/sdk_win_64/sdk_win_64/winavr/bin/../lib/gcc/avr/4.3.3/avr5\libgcc.a(_ge_sf.o)
                              c:/users/b/desktop/rtos/tools/sdk_win_64/sdk_win_64/sdk_win_64/winavr/bin/../lib/gcc/avr/4.3.3/avr5\libgcc.a(_fixunssfsi.o) (__gesf2)
c:/users/b/desktop/rtos/tools/sdk_win_64/sdk_win_64/sdk_win_64/winavr/bin/../lib/gcc/avr/4.3.3/avr5\libgcc.a(_lt_sf.o)
                              ./HAL/HCLCD/HCLCD_Program.o (__ltsf2)
c:/users/b/desktop/rtos/tools/sdk_win_64/sdk_win_64/sdk_win_64/winavr/bin/../lib/gcc/avr/4.3.3/avr5\libgcc.a(_si_to_sf.o)
                              ./HAL/ADXL345/ADXL345_I2C.o (__floatsisf)
c:/users/b/desktop/rtos/tools/sdk_win_64/sdk_win_64/sdk_win_64/winavr/bin/../lib/gcc/avr/4.3.3/avr5\libgcc.a(_sf_to_si.o)
                              c:/users/b/desktop/rtos/tools/sdk_win_64/sdk_win_64/sdk_win_64/winavr/bin/../lib/gcc/avr/4.3.3/avr5\libgcc.a(_fixunssfsi.o) (__fixsfsi)
c:/users/b/desktop/rtos/tools/sdk_win_64/sdk_win_64/sdk_win_64/winavr/bin/../lib/gcc/avr/4.3.3/avr5\libgcc.a(_thenan_sf.o)
                              c:/users/b/desktop/rtos/tools/sdk_win_64/sdk_win_64/sdk_win_64/winavr/bin/../lib/gcc/avr/4.3.3/avr5\libgcc.a(_addsub_sf.o) (__thenan_sf)
c:/users/b/desktop/rtos/tools/sdk_win_64/sdk_win_64/sdk_win_64/winavr/bin/../lib/gcc/avr/4.3.3/avr5\libgcc.a(_prologue.o)
                              c:/users/b/desktop/rtos/tools/sdk_win_64/sdk_win_64/sdk_win_64/winavr/bin/../lib/gcc/avr/4.3.3/avr5\libgcc.a(_addsub_sf.o) (__prologue_saves__)
c:/users/b/desktop/rtos/tools/sdk_win_64/sdk_win_64/sdk_win_64/winavr/bin/../lib/gcc/avr/4.3.3/avr5\libgcc.a(_epilogue.o)
                              c:/users/b/desktop/rtos/tools/sdk_win_64/sdk_win_64/sdk_win_64/winavr/bin/../lib/gcc/avr/4.3.3/avr5\libgcc.a(_addsub_sf.o) (__epilogue_restores__)
c:/users/b/desktop/rtos/tools/sdk_win_64/sdk_win_64/sdk_win_64/winavr/bin/../lib/gcc/avr/4.3.3/avr5\libgcc.a(_clzsi2.o)
                              c:/users/b/desktop/rtos/tools/sdk_win_64/sdk_win_64/sdk_win_64/winavr/bin/../lib/gcc/avr/4.3.3/avr5\libgcc.a(_si_to_sf.o) (__clzsi2)
c:/users/b/desktop/rtos/tools/sdk_win_64/sdk_win_64/sdk_win_64/winavr/bin/../lib/gcc/avr/4.3.3/avr5\libgcc.a(_pack_sf.o)
                              c:/users/b/desktop/rtos/tools/sdk_win_64/sdk_win_64/sdk_win_64/winavr/bin/../lib/gcc/avr/4.3.3/avr5\libgcc.a(_addsub_sf.o) (__pack_f)
c:/users/b/desktop/rtos/tools/sdk_win_64/sdk_win_64/sdk_win_64/winavr/bin/../lib/gcc/avr/4.3.3/avr5\libgcc.a(_unpack_sf.o)
                              c:/users/b/desktop/rtos/tools/sdk_win_64/sdk_win_64/sdk_win_64/winavr/bin/../lib/gcc/avr/4.3.3/avr5\libgcc.a(_addsub_sf.o) (__unpack_f)
c:/users/b/desktop/rtos/tools/sdk_win_64/sdk_win_64/sdk_win_64/winavr/bin/../lib/gcc/avr/4.3.3/avr5\libgcc.a(_fpcmp_parts_sf.o)
                              c:/users/b/desktop/rtos/tools/sdk_win_64/sdk_win_64/sdk_win_64/winavr/bin/../lib/gcc/avr/4.3.3/avr5\libgcc.a(_ne_sf.o) (__fpcmp_parts_f)
c:/users/b/desktop/rtos/tools/sdk_win_64/sdk_win_64/sdk_win_64/winavr/bin/../lib/gcc/avr/4.3.3/avr5\libgcc.a(_clz.o)
                              c:/users/b/desktop/rtos/tools/sdk_win_64/sdk_win_64/sdk_win_64/winavr/bin/../lib/gcc/avr/4.3.3/avr5\libgcc.a(_clzsi2.o) (__clz_tab)
c:/users/b/desktop/rtos/tools/sdk_win_64/sdk_win_64/sdk_win_64/winavr/bin/../lib/gcc/avr/4.3.3/../../../../avr/lib/avr5\libc.a(memcpy.o)
                              ./FreeRTOS_SourceFiles/queue.o (memcpy)
c:/users/b/desktop/rtos/tools/sdk_win_64/sdk_win_64/sdk_win_64/winavr/bin/../lib/gcc/avr/4.3.3/../../../../avr/lib/avr5\libc.a(memset.o)
                              ./FreeRTOS_SourceFiles/stream_buffer.o (memset)

Allocating common symbols
Common symbol       size              file

FlagAlarmSem        0x2               ./main.o
UART_REC_Buffer     0xa               ./main.o
EnabelSem           0x2               ./main.o
MADC_CallBack       0x2               ./MCAL/MADC/MADC_Program.o
MUSART_CallBack     0x2               ./MCAL/MUSART/MUSART_Program.o

Memory Configuration

Name             Origin             Length             Attributes
text             0x00000000         0x00020000         xr
data             0x00800060         0x0000ffa0         rw !x
eeprom           0x00810000         0x00010000         rw !x
fuse             0x00820000         0x00000400         rw !x
lock             0x00830000         0x00000400         rw !x
signature        0x00840000         0x00000400         rw !x
*default*        0x00000000         0xffffffff

Linker script and memory map

LOAD c:/users/b/desktop/rtos/tools/sdk_win_64/sdk_win_64/sdk_win_64/winavr/bin/../lib/gcc/avr/4.3.3/../../../../avr/lib/avr5/crtm16.o
LOAD ./MCAL/MUSART/MUSART_Program.o
LOAD ./MCAL/MGIE/MGIE_Program.o
LOAD ./MCAL/MDIO/MDIO_Program.o
LOAD ./MCAL/MADC/MADC_Program.o
LOAD ./MCAL/I2C/I2C_master.o
LOAD ./HAL/HCLCD/HCLCD_Program.o
LOAD ./HAL/ADXL345/ADXL345_I2C.o
LOAD ./FreeRTOS_SourceFiles/croutine.o
LOAD ./FreeRTOS_SourceFiles/event_groups.o
LOAD ./FreeRTOS_SourceFiles/heap_1.o
LOAD ./FreeRTOS_SourceFiles/list.o
LOAD ./FreeRTOS_SourceFiles/port.o
LOAD ./FreeRTOS_SourceFiles/queue.o
LOAD ./FreeRTOS_SourceFiles/stream_buffer.o
LOAD ./FreeRTOS_SourceFiles/tasks.o
LOAD ./FreeRTOS_SourceFiles/timers.o
LOAD ./main.o
LOAD c:/users/b/desktop/rtos/tools/sdk_win_64/sdk_win_64/sdk_win_64/winavr/bin/../lib/gcc/avr/4.3.3/avr5\libgcc.a
LOAD c:/users/b/desktop/rtos/tools/sdk_win_64/sdk_win_64/sdk_win_64/winavr/bin/../lib/gcc/avr/4.3.3/../../../../avr/lib/avr5\libc.a
LOAD c:/users/b/desktop/rtos/tools/sdk_win_64/sdk_win_64/sdk_win_64/winavr/bin/../lib/gcc/avr/4.3.3/avr5\libgcc.a

.hash
 *(.hash)

.dynsym
 *(.dynsym)

.dynstr
 *(.dynstr)

.gnu.version
 *(.gnu.version)

.gnu.version_d
 *(.gnu.version_d)

.gnu.version_r
 *(.gnu.version_r)

.rel.init
 *(.rel.init)

.rela.init
 *(.rela.init)

.rel.text
 *(.rel.text)
 *(.rel.text.*)
 *(.rel.gnu.linkonce.t*)

.rela.text
 *(.rela.text)
 *(.rela.text.*)
 *(.rela.gnu.linkonce.t*)

.rel.fini
 *(.rel.fini)

.rela.fini
 *(.rela.fini)

.rel.rodata
 *(.rel.rodata)
 *(.rel.rodata.*)
 *(.rel.gnu.linkonce.r*)

.rela.rodata
 *(.rela.rodata)
 *(.rela.rodata.*)
 *(.rela.gnu.linkonce.r*)

.rel.data
 *(.rel.data)
 *(.rel.data.*)
 *(.rel.gnu.linkonce.d*)

.rela.data
 *(.rela.data)
 *(.rela.data.*)
 *(.rela.gnu.linkonce.d*)

.rel.ctors
 *(.rel.ctors)

.rela.ctors
 *(.rela.ctors)

.rel.dtors
 *(.rel.dtors)

.rela.dtors
 *(.rela.dtors)

.rel.got
 *(.rel.got)

.rela.got
 *(.rela.got)

.rel.bss
 *(.rel.bss)

.rela.bss
 *(.rela.bss)

.rel.plt
 *(.rel.plt)

.rela.plt
 *(.rela.plt)

.text           0x00000000     0x9924
 *(.vectors)
 .vectors       0x00000000       0x54 c:/users/b/desktop/rtos/tools/sdk_win_64/sdk_win_64/sdk_win_64/winavr/bin/../lib/gcc/avr/4.3.3/../../../../avr/lib/avr5/crtm16.o
                0x00000000                __vectors
                0x00000000                __vector_default
 *(.vectors)
 *(.progmem.gcc*)
 *(.progmem*)
                0x00000054                . = ALIGN (0x2)
                0x00000054                __trampolines_start = .
 *(.trampolines)
 .trampolines   0x00000054        0x0 linker stubs
 *(.trampolines*)
                0x00000054                __trampolines_end = .
 *(.jumptables)
 *(.jumptables*)
 *(.lowtext)
 *(.lowtext*)
                0x00000054                __ctors_start = .
 *(.ctors)
                0x00000054                __ctors_end = .
                0x00000054                __dtors_start = .
 *(.dtors)
                0x00000054                __dtors_end = .
 SORT(*)(.ctors)
 SORT(*)(.dtors)
 *(.init0)
 .init0         0x00000054        0x0 c:/users/b/desktop/rtos/tools/sdk_win_64/sdk_win_64/sdk_win_64/winavr/bin/../lib/gcc/avr/4.3.3/../../../../avr/lib/avr5/crtm16.o
                0x00000054                __init
 *(.init0)
 *(.init1)
 *(.init1)
 *(.init2)
 .init2         0x00000054        0xc c:/users/b/desktop/rtos/tools/sdk_win_64/sdk_win_64/sdk_win_64/winavr/bin/../lib/gcc/avr/4.3.3/../../../../avr/lib/avr5/crtm16.o
 *(.init2)
 *(.init3)
 *(.init3)
 *(.init4)
 .init4         0x00000060       0x16 c:/users/b/desktop/rtos/tools/sdk_win_64/sdk_win_64/sdk_win_64/winavr/bin/../lib/gcc/avr/4.3.3/avr5\libgcc.a(_copy_data.o)
                0x00000060                __do_copy_data
 .init4         0x00000076       0x10 c:/users/b/desktop/rtos/tools/sdk_win_64/sdk_win_64/sdk_win_64/winavr/bin/../lib/gcc/avr/4.3.3/avr5\libgcc.a(_clear_bss.o)
                0x00000076                __do_clear_bss
 *(.init4)
 *(.init5)
 *(.init5)
 *(.init6)
 *(.init6)
 *(.init7)
 *(.init7)
 *(.init8)
 *(.init8)
 *(.init9)
 .init9         0x00000086        0x8 c:/users/b/desktop/rtos/tools/sdk_win_64/sdk_win_64/sdk_win_64/winavr/bin/../lib/gcc/avr/4.3.3/../../../../avr/lib/avr5/crtm16.o
 *(.init9)
 *(.text)
 .text          0x0000008e        0x4 c:/users/b/desktop/rtos/tools/sdk_win_64/sdk_win_64/sdk_win_64/winavr/bin/../lib/gcc/avr/4.3.3/../../../../avr/lib/avr5/crtm16.o
                0x0000008e                __vector_1
                0x0000008e                __vector_12
                0x0000008e                __bad_interrupt
                0x0000008e                __vector_3
                0x0000008e                __vector_11
                0x0000008e                __vector_17
                0x0000008e                __vector_19
                0x0000008e                __vector_7
                0x0000008e                __vector_5
                0x0000008e                __vector_4
                0x0000008e                __vector_9
                0x0000008e                __vector_2
                0x0000008e                __vector_15
                0x0000008e                __vector_8
                0x0000008e                __vector_14
                0x0000008e                __vector_10
                0x0000008e                __vector_18
                0x0000008e                __vector_20
 .text          0x00000092        0x0 ./MCAL/MUSART/MUSART_Program.o
 .text          0x00000092        0x0 ./MCAL/MGIE/MGIE_Program.o
 .text          0x00000092        0x0 ./MCAL/MDIO/MDIO_Program.o
 .text          0x00000092        0x0 ./MCAL/MADC/MADC_Program.o
 .text          0x00000092        0x0 ./MCAL/I2C/I2C_master.o
 .text          0x00000092        0x0 ./HAL/HCLCD/HCLCD_Program.o
 .text          0x00000092        0x0 ./HAL/ADXL345/ADXL345_I2C.o
 .text          0x00000092        0x0 ./FreeRTOS_SourceFiles/croutine.o
 .text          0x00000092        0x0 ./FreeRTOS_SourceFiles/event_groups.o
 .text          0x00000092        0x0 ./FreeRTOS_SourceFiles/heap_1.o
 .text          0x00000092        0x0 ./FreeRTOS_SourceFiles/list.o
 .text          0x00000092        0x0 ./FreeRTOS_SourceFiles/port.o
 .text          0x00000092        0x0 ./FreeRTOS_SourceFiles/queue.o
 .text          0x00000092        0x0 ./FreeRTOS_SourceFiles/stream_buffer.o
 .text          0x00000092        0x0 ./FreeRTOS_SourceFiles/tasks.o
 .text          0x00000092        0x0 ./FreeRTOS_SourceFiles/timers.o
 .text          0x00000092        0x0 ./main.o
 .text          0x00000092        0x0 c:/users/b/desktop/rtos/tools/sdk_win_64/sdk_win_64/sdk_win_64/winavr/bin/../lib/gcc/avr/4.3.3/avr5\libgcc.a(_udivmodhi4.o)
 .text          0x00000092        0x0 c:/users/b/desktop/rtos/tools/sdk_win_64/sdk_win_64/sdk_win_64/winavr/bin/../lib/gcc/avr/4.3.3/avr5\libgcc.a(_udivmodsi4.o)
 .text          0x00000092        0x0 c:/users/b/desktop/rtos/tools/sdk_win_64/sdk_win_64/sdk_win_64/winavr/bin/../lib/gcc/avr/4.3.3/avr5\libgcc.a(_exit.o)
 .text          0x00000092        0x0 c:/users/b/desktop/rtos/tools/sdk_win_64/sdk_win_64/sdk_win_64/winavr/bin/../lib/gcc/avr/4.3.3/avr5\libgcc.a(_copy_data.o)
 .text          0x00000092        0x0 c:/users/b/desktop/rtos/tools/sdk_win_64/sdk_win_64/sdk_win_64/winavr/bin/../lib/gcc/avr/4.3.3/avr5\libgcc.a(_clear_bss.o)
 .text          0x00000092       0x58 c:/users/b/desktop/rtos/tools/sdk_win_64/sdk_win_64/sdk_win_64/winavr/bin/../lib/gcc/avr/4.3.3/avr5\libgcc.a(_fixunssfsi.o)
                0x00000092                __fixunssfsi
 .text          0x000000ea      0x354 c:/users/b/desktop/rtos/tools/sdk_win_64/sdk_win_64/sdk_win_64/winavr/bin/../lib/gcc/avr/4.3.3/avr5\libgcc.a(_addsub_sf.o)
                0x00000382                __subsf3
                0x000003e4                __addsf3
 .text          0x0000043e      0x1f4 c:/users/b/desktop/rtos/tools/sdk_win_64/sdk_win_64/sdk_win_64/winavr/bin/../lib/gcc/avr/4.3.3/avr5\libgcc.a(_mul_sf.o)
                0x0000043e                __mulsf3
 .text          0x00000632      0x158 c:/users/b/desktop/rtos/tools/sdk_win_64/sdk_win_64/sdk_win_64/winavr/bin/../lib/gcc/avr/4.3.3/avr5\libgcc.a(_div_sf.o)
                0x00000632                __divsf3
 .text          0x0000078a       0x60 c:/users/b/desktop/rtos/tools/sdk_win_64/sdk_win_64/sdk_win_64/winavr/bin/../lib/gcc/avr/4.3.3/avr5\libgcc.a(_ne_sf.o)
                0x0000078a                __nesf2
 .text          0x000007ea       0x60 c:/users/b/desktop/rtos/tools/sdk_win_64/sdk_win_64/sdk_win_64/winavr/bin/../lib/gcc/avr/4.3.3/avr5\libgcc.a(_gt_sf.o)
                0x000007ea                __gtsf2
 .text          0x0000084a       0x60 c:/users/b/desktop/rtos/tools/sdk_win_64/sdk_win_64/sdk_win_64/winavr/bin/../lib/gcc/avr/4.3.3/avr5\libgcc.a(_ge_sf.o)
                0x0000084a                __gesf2
 .text          0x000008aa       0x60 c:/users/b/desktop/rtos/tools/sdk_win_64/sdk_win_64/sdk_win_64/winavr/bin/../lib/gcc/avr/4.3.3/avr5\libgcc.a(_lt_sf.o)
                0x000008aa                __ltsf2
 .text          0x0000090a       0xbc c:/users/b/desktop/rtos/tools/sdk_win_64/sdk_win_64/sdk_win_64/winavr/bin/../lib/gcc/avr/4.3.3/avr5\libgcc.a(_si_to_sf.o)
                0x0000090a                __floatsisf
 .text          0x000009c6       0xa8 c:/users/b/desktop/rtos/tools/sdk_win_64/sdk_win_64/sdk_win_64/winavr/bin/../lib/gcc/avr/4.3.3/avr5\libgcc.a(_sf_to_si.o)
                0x000009c6                __fixsfsi
 .text          0x00000a6e        0x0 c:/users/b/desktop/rtos/tools/sdk_win_64/sdk_win_64/sdk_win_64/winavr/bin/../lib/gcc/avr/4.3.3/avr5\libgcc.a(_thenan_sf.o)
 .text          0x00000a6e        0x0 c:/users/b/desktop/rtos/tools/sdk_win_64/sdk_win_64/sdk_win_64/winavr/bin/../lib/gcc/avr/4.3.3/avr5\libgcc.a(_prologue.o)
 .text          0x00000a6e        0x0 c:/users/b/desktop/rtos/tools/sdk_win_64/sdk_win_64/sdk_win_64/winavr/bin/../lib/gcc/avr/4.3.3/avr5\libgcc.a(_epilogue.o)
 .text          0x00000a6e       0x9e c:/users/b/desktop/rtos/tools/sdk_win_64/sdk_win_64/sdk_win_64/winavr/bin/../lib/gcc/avr/4.3.3/avr5\libgcc.a(_clzsi2.o)
                0x00000a6e                __clzsi2
 .text          0x00000b0c      0x1aa c:/users/b/desktop/rtos/tools/sdk_win_64/sdk_win_64/sdk_win_64/winavr/bin/../lib/gcc/avr/4.3.3/avr5\libgcc.a(_pack_sf.o)
                0x00000b0c                __pack_f
 .text          0x00000cb6       0xf0 c:/users/b/desktop/rtos/tools/sdk_win_64/sdk_win_64/sdk_win_64/winavr/bin/../lib/gcc/avr/4.3.3/avr5\libgcc.a(_unpack_sf.o)
                0x00000cb6                __unpack_f
 .text          0x00000da6       0xb2 c:/users/b/desktop/rtos/tools/sdk_win_64/sdk_win_64/sdk_win_64/winavr/bin/../lib/gcc/avr/4.3.3/avr5\libgcc.a(_fpcmp_parts_sf.o)
                0x00000da6                __fpcmp_parts_f
 .text          0x00000e58        0x0 c:/users/b/desktop/rtos/tools/sdk_win_64/sdk_win_64/sdk_win_64/winavr/bin/../lib/gcc/avr/4.3.3/avr5\libgcc.a(_clz.o)
 .text          0x00000e58        0x0 c:/users/b/desktop/rtos/tools/sdk_win_64/sdk_win_64/sdk_win_64/winavr/bin/../lib/gcc/avr/4.3.3/../../../../avr/lib/avr5\libc.a(memcpy.o)
 .text          0x00000e58        0x0 c:/users/b/desktop/rtos/tools/sdk_win_64/sdk_win_64/sdk_win_64/winavr/bin/../lib/gcc/avr/4.3.3/../../../../avr/lib/avr5\libc.a(memset.o)
                0x00000e58                . = ALIGN (0x2)
 *(.text.*)
 .text.MUSART_VidInit
                0x00000e58       0x78 ./MCAL/MUSART/MUSART_Program.o
                0x00000e58                MUSART_VidInit
 .text.MUSART_VidSendChar
                0x00000ed0       0x34 ./MCAL/MUSART/MUSART_Program.o
                0x00000ed0                MUSART_VidSendChar
 .text.MUSART_u8ReceiveData
                0x00000f04       0x1e ./MCAL/MUSART/MUSART_Program.o
                0x00000f04                MUSART_u8ReceiveData
 .text.MUSART_VidSendString
                0x00000f22       0x52 ./MCAL/MUSART/MUSART_Program.o
                0x00000f22                MUSART_VidSendString
 .text.MUSART_VidReceiveString
                0x00000f74       0x5c ./MCAL/MUSART/MUSART_Program.o
                0x00000f74                MUSART_VidReceiveString
 .text.MUSART_VidUSART_Receive_Interrupt_Enable
                0x00000fd0       0x1c ./MCAL/MUSART/MUSART_Program.o
                0x00000fd0                MUSART_VidUSART_Receive_Interrupt_Enable
 .text.MUSART_VidSetCallBack
                0x00000fec       0x24 ./MCAL/MUSART/MUSART_Program.o
                0x00000fec                MUSART_VidSetCallBack
 .text.__vector_13
                0x00001010       0x5a ./MCAL/MUSART/MUSART_Program.o
                0x00001010                __vector_13
 .text.MUSART_u8CompareString
                0x0000106a       0x7c ./MCAL/MUSART/MUSART_Program.o
                0x0000106a                MUSART_u8CompareString
 .text.MGIE_VidEnable
                0x000010e6       0x1c ./MCAL/MGIE/MGIE_Program.o
                0x000010e6                MGIE_VidEnable
 .text.MGIE_VidDisable
                0x00001102       0x1c ./MCAL/MGIE/MGIE_Program.o
                0x00001102                MGIE_VidDisable
 .text.MDIO_Error_State_SetPinDirection
                0x0000111e      0x206 ./MCAL/MDIO/MDIO_Program.o
                0x0000111e                MDIO_Error_State_SetPinDirection
 .text.MDIO_Error_State_SetPortDirection
                0x00001324       0xa0 ./MCAL/MDIO/MDIO_Program.o
                0x00001324                MDIO_Error_State_SetPortDirection
 .text.MDIO_Error_State_SetPinValue
                0x000013c4      0x206 ./MCAL/MDIO/MDIO_Program.o
                0x000013c4                MDIO_Error_State_SetPinValue
 .text.MDIO_Error_State_SetPortValue
                0x000015ca       0x90 ./MCAL/MDIO/MDIO_Program.o
                0x000015ca                MDIO_Error_State_SetPortValue
 .text.MDIO_Error_State_GetPinValue
                0x0000165a      0x130 ./MCAL/MDIO/MDIO_Program.o
                0x0000165a                MDIO_Error_State_GetPinValue
 .text.MDIO_Error_State_SetNippleValue
                0x0000178a      0x164 ./MCAL/MDIO/MDIO_Program.o
                0x0000178a                MDIO_Error_State_SetNippleValue
 .text.MADC_VidInit
                0x000018ee       0x62 ./MCAL/MADC/MADC_Program.o
                0x000018ee                MADC_VidInit
 .text.MADC_VidADCInterruptEnable
                0x00001950       0x1c ./MCAL/MADC/MADC_Program.o
                0x00001950                MADC_VidADCInterruptEnable
 .text.MADC_u16ADC_StartConversion
                0x0000196c       0x64 ./MCAL/MADC/MADC_Program.o
                0x0000196c                MADC_u16ADC_StartConversion
 .text.MADC_u16ADC_StartConversion_With_Interrupt
                0x000019d0       0x46 ./MCAL/MADC/MADC_Program.o
                0x000019d0                MADC_u16ADC_StartConversion_With_Interrupt
 .text.MADC_u16ADCRead
                0x00001a16       0x16 ./MCAL/MADC/MADC_Program.o
                0x00001a16                MADC_u16ADCRead
 .text.MADC_VidSetCallBack
                0x00001a2c       0x24 ./MCAL/MADC/MADC_Program.o
                0x00001a2c                MADC_VidSetCallBack
 .text.__vector_16
                0x00001a50       0x5a ./MCAL/MADC/MADC_Program.o
                0x00001a50                __vector_16
 .text.TWI_Ini  0x00001aaa       0x1c ./MCAL/I2C/I2C_master.o
                0x00001aaa                TWI_Ini
 .text.TWI_start
                0x00001ac6       0x4c ./MCAL/I2C/I2C_master.o
                0x00001ac6                TWI_start
 .text.TWI_stop
                0x00001b12       0x16 ./MCAL/I2C/I2C_master.o
                0x00001b12                TWI_stop
 .text.TWI_write
                0x00001b28       0x2e ./MCAL/I2C/I2C_master.o
                0x00001b28                TWI_write
 .text.TWI_read
                0x00001b56       0x44 ./MCAL/I2C/I2C_master.o
                0x00001b56                TWI_read
 .text.HCLCD_VidWriteCommand_8Bits
                0x00001b9a      0x220 ./HAL/HCLCD/HCLCD_Program.o
                0x00001b9a                HCLCD_VidWriteCommand_8Bits
 .text.HCLCD_Vid8Bits_Init
                0x00001dba      0x3ea ./HAL/HCLCD/HCLCD_Program.o
                0x00001dba                HCLCD_Vid8Bits_Init
 .text.HCLCD_VidWriteChar_8Bits
                0x000021a4      0x220 ./HAL/HCLCD/HCLCD_Program.o
                0x000021a4                HCLCD_VidWriteChar_8Bits
 .text.HCLCD_VidWriteString_8Bits
                0x000023c4       0x52 ./HAL/HCLCD/HCLCD_Program.o
                0x000023c4                HCLCD_VidWriteString_8Bits
 .text.HCLCD_VidWriteNumber_8Bits
                0x00002416       0xee ./HAL/HCLCD/HCLCD_Program.o
                0x00002416                HCLCD_VidWriteNumber_8Bits
 .text.HCLCD_VidSetPosition
                0x00002504       0x42 ./HAL/HCLCD/HCLCD_Program.o
                0x00002504                HCLCD_VidSetPosition
 .text.HCLCD_VidWriteCommand_4Bits
                0x00002546      0x148 ./HAL/HCLCD/HCLCD_Program.o
                0x00002546                HCLCD_VidWriteCommand_4Bits
 .text.HCLCD_Vid4Bits_Init
                0x0000268e      0x41c ./HAL/HCLCD/HCLCD_Program.o
                0x0000268e                HCLCD_Vid4Bits_Init
 .text.HCLCD_VidWriteChar_4Bits
                0x00002aaa      0x148 ./HAL/HCLCD/HCLCD_Program.o
                0x00002aaa                HCLCD_VidWriteChar_4Bits
 .text.HCLCD_VidSendChar_4Bits
                0x00002bf2       0x24 ./HAL/HCLCD/HCLCD_Program.o
                0x00002bf2                HCLCD_VidSendChar_4Bits
 .text.HCLCD_VidWriteString_4Bits
                0x00002c16       0x52 ./HAL/HCLCD/HCLCD_Program.o
                0x00002c16                HCLCD_VidWriteString_4Bits
 .text.HCLCD_VidWriteNumber_4Bits
                0x00002c68       0xee ./HAL/HCLCD/HCLCD_Program.o
                0x00002c68                HCLCD_VidWriteNumber_4Bits
 .text.HCLCD_VidSetPosition_4BitsMode
                0x00002d56       0x7e ./HAL/HCLCD/HCLCD_Program.o
                0x00002d56                HCLCD_VidSetPosition_4BitsMode
 .text.ADXL_init
                0x00002dd4       0x1a ./HAL/ADXL345/ADXL345_I2C.o
                0x00002dd4                ADXL_init
 .text.ADXL_write
                0x00002dee       0x32 ./HAL/ADXL345/ADXL345_I2C.o
                0x00002dee                ADXL_write
 .text.ADXL_Acc
                0x00002e20      0x1bc ./HAL/ADXL345/ADXL345_I2C.o
                0x00002e20                ADXL_Acc
 .text.xCoRoutineCreate
                0x00002fdc      0x128 ./FreeRTOS_SourceFiles/croutine.o
                0x00002fdc                xCoRoutineCreate
 .text.vCoRoutineAddToDelayedList
                0x00003104       0xc2 ./FreeRTOS_SourceFiles/croutine.o
                0x00003104                vCoRoutineAddToDelayedList
 .text.prvCheckPendingReadyList
                0x000031c6       0x94 ./FreeRTOS_SourceFiles/croutine.o
 .text.prvCheckDelayedList
                0x0000325a      0x15c ./FreeRTOS_SourceFiles/croutine.o
 .text.vCoRoutineSchedule
                0x000033b6      0x102 ./FreeRTOS_SourceFiles/croutine.o
                0x000033b6                vCoRoutineSchedule
 .text.prvInitialiseCoRoutineLists
                0x000034b8       0x72 ./FreeRTOS_SourceFiles/croutine.o
 .text.xCoRoutineRemoveFromEventList
                0x0000352a       0x70 ./FreeRTOS_SourceFiles/croutine.o
                0x0000352a                xCoRoutineRemoveFromEventList
 .text.xEventGroupCreate
                0x0000359a       0x3e ./FreeRTOS_SourceFiles/event_groups.o
                0x0000359a                xEventGroupCreate
 .text.xEventGroupSync
                0x000035d8      0x172 ./FreeRTOS_SourceFiles/event_groups.o
                0x000035d8                xEventGroupSync
 .text.xEventGroupWaitBits
                0x0000374a      0x18c ./FreeRTOS_SourceFiles/event_groups.o
                0x0000374a                xEventGroupWaitBits
 .text.xEventGroupClearBits
                0x000038d6       0x6c ./FreeRTOS_SourceFiles/event_groups.o
                0x000038d6                xEventGroupClearBits
 .text.xEventGroupGetBitsFromISR
                0x00003942       0x44 ./FreeRTOS_SourceFiles/event_groups.o
                0x00003942                xEventGroupGetBitsFromISR
 .text.xEventGroupSetBits
                0x00003986      0x164 ./FreeRTOS_SourceFiles/event_groups.o
                0x00003986                xEventGroupSetBits
 .text.vEventGroupDelete
                0x00003aea       0x62 ./FreeRTOS_SourceFiles/event_groups.o
                0x00003aea                vEventGroupDelete
 .text.vEventGroupSetBitsCallback
                0x00003b4c       0x3a ./FreeRTOS_SourceFiles/event_groups.o
                0x00003b4c                vEventGroupSetBitsCallback
 .text.vEventGroupClearBitsCallback
                0x00003b86       0x3a ./FreeRTOS_SourceFiles/event_groups.o
                0x00003b86                vEventGroupClearBitsCallback
 .text.prvTestWaitCondition
                0x00003bc0       0x64 ./FreeRTOS_SourceFiles/event_groups.o
 .text.pvPortMalloc
                0x00003c24       0xb4 ./FreeRTOS_SourceFiles/heap_1.o
                0x00003c24                pvPortMalloc
 .text.vPortFree
                0x00003cd8       0x18 ./FreeRTOS_SourceFiles/heap_1.o
                0x00003cd8                vPortFree
 .text.vPortInitialiseBlocks
                0x00003cf0       0x16 ./FreeRTOS_SourceFiles/heap_1.o
                0x00003cf0                vPortInitialiseBlocks
 .text.xPortGetFreeHeapSize
                0x00003d06       0x1e ./FreeRTOS_SourceFiles/heap_1.o
                0x00003d06                xPortGetFreeHeapSize
 .text.vListInitialise
                0x00003d24       0x54 ./FreeRTOS_SourceFiles/list.o
                0x00003d24                vListInitialise
 .text.vListInitialiseItem
                0x00003d78       0x20 ./FreeRTOS_SourceFiles/list.o
                0x00003d78                vListInitialiseItem
 .text.vListInsertEnd
                0x00003d98       0x88 ./FreeRTOS_SourceFiles/list.o
                0x00003d98                vListInsertEnd
 .text.vListInsert
                0x00003e20       0xd8 ./FreeRTOS_SourceFiles/list.o
                0x00003e20                vListInsert
 .text.uxListRemove
                0x00003ef8       0x98 ./FreeRTOS_SourceFiles/list.o
                0x00003ef8                uxListRemove
 .text.pxPortInitialiseStack
                0x00003f90      0x306 ./FreeRTOS_SourceFiles/port.o
                0x00003f90                pxPortInitialiseStack
 .text.xPortStartScheduler
                0x00004296       0x6a ./FreeRTOS_SourceFiles/port.o
                0x00004296                xPortStartScheduler
 .text.vPortEndScheduler
                0x00004300        0xe ./FreeRTOS_SourceFiles/port.o
                0x00004300                vPortEndScheduler
 .text.vPortYield
                0x0000430e       0xb2 ./FreeRTOS_SourceFiles/port.o
                0x0000430e                vPortYield
 .text.vPortYieldFromTick
                0x000043c0       0xba ./FreeRTOS_SourceFiles/port.o
                0x000043c0                vPortYieldFromTick
 .text.prvSetupTimerInterrupt
                0x0000447a       0xb8 ./FreeRTOS_SourceFiles/port.o
 .text.__vector_6
                0x00004532        0x6 ./FreeRTOS_SourceFiles/port.o
                0x00004532                __vector_6
 .text.xQueueGenericReset
                0x00004538      0x156 ./FreeRTOS_SourceFiles/queue.o
                0x00004538                xQueueGenericReset
 .text.xQueueGenericCreate
                0x0000468e       0xe8 ./FreeRTOS_SourceFiles/queue.o
                0x0000468e                xQueueGenericCreate
 .text.prvInitialiseNewQueue
                0x00004776       0x76 ./FreeRTOS_SourceFiles/queue.o
 .text.prvInitialiseMutex
                0x000047ec       0x48 ./FreeRTOS_SourceFiles/queue.o
 .text.xQueueCreateMutex
                0x00004834       0x40 ./FreeRTOS_SourceFiles/queue.o
                0x00004834                xQueueCreateMutex
 .text.xQueueCreateCountingSemaphore
                0x00004874       0x52 ./FreeRTOS_SourceFiles/queue.o
                0x00004874                xQueueCreateCountingSemaphore
 .text.xQueueGenericSend
                0x000048c6      0x158 ./FreeRTOS_SourceFiles/queue.o
                0x000048c6                xQueueGenericSend
 .text.xQueueGenericSendFromISR
                0x00004a1e       0xb8 ./FreeRTOS_SourceFiles/queue.o
                0x00004a1e                xQueueGenericSendFromISR
 .text.xQueueGiveFromISR
                0x00004ad6       0xa2 ./FreeRTOS_SourceFiles/queue.o
                0x00004ad6                xQueueGiveFromISR
 .text.xQueueReceive
                0x00004b78      0x156 ./FreeRTOS_SourceFiles/queue.o
                0x00004b78                xQueueReceive
 .text.xQueueSemaphoreTake
                0x00004cce      0x1aa ./FreeRTOS_SourceFiles/queue.o
                0x00004cce                xQueueSemaphoreTake
 .text.xQueuePeek
                0x00004e78      0x164 ./FreeRTOS_SourceFiles/queue.o
                0x00004e78                xQueuePeek
 .text.xQueueReceiveFromISR
                0x00004fdc       0xae ./FreeRTOS_SourceFiles/queue.o
                0x00004fdc                xQueueReceiveFromISR
 .text.xQueuePeekFromISR
                0x0000508a       0x72 ./FreeRTOS_SourceFiles/queue.o
                0x0000508a                xQueuePeekFromISR
 .text.uxQueueMessagesWaiting
                0x000050fc       0x30 ./FreeRTOS_SourceFiles/queue.o
                0x000050fc                uxQueueMessagesWaiting
 .text.uxQueueSpacesAvailable
                0x0000512c       0x4a ./FreeRTOS_SourceFiles/queue.o
                0x0000512c                uxQueueSpacesAvailable
 .text.uxQueueMessagesWaitingFromISR
                0x00005176       0x34 ./FreeRTOS_SourceFiles/queue.o
                0x00005176                uxQueueMessagesWaitingFromISR
 .text.vQueueDelete
                0x000051aa       0x2e ./FreeRTOS_SourceFiles/queue.o
                0x000051aa                vQueueDelete
 .text.prvGetDisinheritPriorityAfterTimeout
                0x000051d8       0x42 ./FreeRTOS_SourceFiles/queue.o
 .text.prvCopyDataToQueue
                0x0000521a      0x170 ./FreeRTOS_SourceFiles/queue.o
 .text.prvCopyDataFromQueue
                0x0000538a       0x8e ./FreeRTOS_SourceFiles/queue.o
 .text.prvUnlockQueue
                0x00005418       0xa6 ./FreeRTOS_SourceFiles/queue.o
 .text.prvIsQueueEmpty
                0x000054be       0x3a ./FreeRTOS_SourceFiles/queue.o
 .text.xQueueIsQueueEmptyFromISR
                0x000054f8       0x3e ./FreeRTOS_SourceFiles/queue.o
                0x000054f8                xQueueIsQueueEmptyFromISR
 .text.prvIsQueueFull
                0x00005536       0x40 ./FreeRTOS_SourceFiles/queue.o
 .text.xQueueIsQueueFullFromISR
                0x00005576       0x44 ./FreeRTOS_SourceFiles/queue.o
                0x00005576                xQueueIsQueueFullFromISR
 .text.xQueueCRSend
                0x000055ba       0xc2 ./FreeRTOS_SourceFiles/queue.o
                0x000055ba                xQueueCRSend
 .text.xQueueCRReceive
                0x0000567c      0x11c ./FreeRTOS_SourceFiles/queue.o
                0x0000567c                xQueueCRReceive
 .text.xQueueCRSendFromISR
                0x00005798       0x82 ./FreeRTOS_SourceFiles/queue.o
                0x00005798                xQueueCRSendFromISR
 .text.xQueueCRReceiveFromISR
                0x0000581a       0xea ./FreeRTOS_SourceFiles/queue.o
                0x0000581a                xQueueCRReceiveFromISR
 .text.xStreamBufferGenericCreate
                0x00005904       0xb2 ./FreeRTOS_SourceFiles/stream_buffer.o
                0x00005904                xStreamBufferGenericCreate
 .text.vStreamBufferDelete
                0x000059b6       0x52 ./FreeRTOS_SourceFiles/stream_buffer.o
                0x000059b6                vStreamBufferDelete
 .text.xStreamBufferReset
                0x00005a08       0x84 ./FreeRTOS_SourceFiles/stream_buffer.o
                0x00005a08                xStreamBufferReset
 .text.xStreamBufferSetTriggerLevel
                0x00005a8c       0x6e ./FreeRTOS_SourceFiles/stream_buffer.o
                0x00005a8c                xStreamBufferSetTriggerLevel
 .text.xStreamBufferSpacesAvailable
                0x00005afa       0xb0 ./FreeRTOS_SourceFiles/stream_buffer.o
                0x00005afa                xStreamBufferSpacesAvailable
 .text.xStreamBufferBytesAvailable
                0x00005baa       0x3c ./FreeRTOS_SourceFiles/stream_buffer.o
                0x00005baa                xStreamBufferBytesAvailable
 .text.xStreamBufferSend
                0x00005be6      0x1dc ./FreeRTOS_SourceFiles/stream_buffer.o
                0x00005be6                xStreamBufferSend
 .text.xStreamBufferSendFromISR
                0x00005dc2      0x104 ./FreeRTOS_SourceFiles/stream_buffer.o
                0x00005dc2                xStreamBufferSendFromISR
 .text.prvWriteMessageToBuffer
                0x00005ec6       0xee ./FreeRTOS_SourceFiles/stream_buffer.o
 .text.xStreamBufferReceive
                0x00005fb4      0x17c ./FreeRTOS_SourceFiles/stream_buffer.o
                0x00005fb4                xStreamBufferReceive
 .text.xStreamBufferNextMessageLengthBytes
                0x00006130       0x92 ./FreeRTOS_SourceFiles/stream_buffer.o
                0x00006130                xStreamBufferNextMessageLengthBytes
 .text.xStreamBufferReceiveFromISR
                0x000061c2       0xf0 ./FreeRTOS_SourceFiles/stream_buffer.o
                0x000061c2                xStreamBufferReceiveFromISR
 .text.prvReadMessageFromBuffer
                0x000062b2       0xfc ./FreeRTOS_SourceFiles/stream_buffer.o
 .text.xStreamBufferIsEmpty
                0x000063ae       0x5a ./FreeRTOS_SourceFiles/stream_buffer.o
                0x000063ae                xStreamBufferIsEmpty
 .text.xStreamBufferIsFull
                0x00006408       0x70 ./FreeRTOS_SourceFiles/stream_buffer.o
                0x00006408                xStreamBufferIsFull
 .text.xStreamBufferSendCompletedFromISR
                0x00006478       0x8c ./FreeRTOS_SourceFiles/stream_buffer.o
                0x00006478                xStreamBufferSendCompletedFromISR
 .text.xStreamBufferReceiveCompletedFromISR
                0x00006504       0x8c ./FreeRTOS_SourceFiles/stream_buffer.o
                0x00006504                xStreamBufferReceiveCompletedFromISR
 .text.prvWriteBytesToBuffer
                0x00006590      0x106 ./FreeRTOS_SourceFiles/stream_buffer.o
 .text.prvReadBytesFromBuffer
                0x00006696      0x10a ./FreeRTOS_SourceFiles/stream_buffer.o
 .text.prvBytesInBuffer
                0x000067a0       0x74 ./FreeRTOS_SourceFiles/stream_buffer.o
 .text.prvInitialiseNewStreamBuffer
                0x00006814       0x78 ./FreeRTOS_SourceFiles/stream_buffer.o
 .text.xTaskCreate
                0x0000688c       0xf0 ./FreeRTOS_SourceFiles/tasks.o
                0x0000688c                xTaskCreate
 .text.prvInitialiseNewTask
                0x0000697c      0x198 ./FreeRTOS_SourceFiles/tasks.o
 .text.prvAddNewTaskToReadyList
                0x00006b14      0x17a ./FreeRTOS_SourceFiles/tasks.o
 .text.vTaskDelete
                0x00006c8e       0xe4 ./FreeRTOS_SourceFiles/tasks.o
                0x00006c8e                vTaskDelete
 .text.xTaskDelayUntil
                0x00006d72       0xe6 ./FreeRTOS_SourceFiles/tasks.o
                0x00006d72                xTaskDelayUntil
 .text.vTaskDelay
                0x00006e58       0x44 ./FreeRTOS_SourceFiles/tasks.o
                0x00006e58                vTaskDelay
 .text.vTaskStartScheduler
                0x00006e9c       0x6a ./FreeRTOS_SourceFiles/tasks.o
                0x00006e9c                vTaskStartScheduler
 .text.vTaskEndScheduler
                0x00006f06       0x18 ./FreeRTOS_SourceFiles/tasks.o
                0x00006f06                vTaskEndScheduler
 .text.vTaskSuspendAll
                0x00006f1e       0x18 ./FreeRTOS_SourceFiles/tasks.o
                0x00006f1e                vTaskSuspendAll
 .text.xTaskResumeAll
                0x00006f36      0x2a0 ./FreeRTOS_SourceFiles/tasks.o
                0x00006f36                xTaskResumeAll
 .text.xTaskGetTickCount
                0x000071d6       0x2e ./FreeRTOS_SourceFiles/tasks.o
                0x000071d6                xTaskGetTickCount
 .text.xTaskGetTickCountFromISR
                0x00007204       0x2a ./FreeRTOS_SourceFiles/tasks.o
                0x00007204                xTaskGetTickCountFromISR
 .text.uxTaskGetNumberOfTasks
                0x0000722e       0x12 ./FreeRTOS_SourceFiles/tasks.o
                0x0000722e                uxTaskGetNumberOfTasks
 .text.pcTaskGetName
                0x00007240       0x50 ./FreeRTOS_SourceFiles/tasks.o
                0x00007240                pcTaskGetName
 .text.xTaskCatchUpTicks
                0x00007290       0x40 ./FreeRTOS_SourceFiles/tasks.o
                0x00007290                xTaskCatchUpTicks
 .text.xTaskIncrementTick
                0x000072d0      0x32e ./FreeRTOS_SourceFiles/tasks.o
                0x000072d0                xTaskIncrementTick
 .text.vTaskSwitchContext
                0x000075fe       0xda ./FreeRTOS_SourceFiles/tasks.o
                0x000075fe                vTaskSwitchContext
 .text.vTaskPlaceOnEventList
                0x000076d8       0x44 ./FreeRTOS_SourceFiles/tasks.o
                0x000076d8                vTaskPlaceOnEventList
 .text.vTaskPlaceOnUnorderedEventList
                0x0000771c       0xca ./FreeRTOS_SourceFiles/tasks.o
                0x0000771c                vTaskPlaceOnUnorderedEventList
 .text.xTaskRemoveFromEventList
                0x000077e6      0x288 ./FreeRTOS_SourceFiles/tasks.o
                0x000077e6                xTaskRemoveFromEventList
 .text.vTaskRemoveFromUnorderedEventList
                0x00007a6e      0x21c ./FreeRTOS_SourceFiles/tasks.o
                0x00007a6e                vTaskRemoveFromUnorderedEventList
 .text.vTaskSetTimeOutState
                0x00007c8a       0x3c ./FreeRTOS_SourceFiles/tasks.o
                0x00007c8a                vTaskSetTimeOutState
 .text.vTaskInternalSetTimeOutState
                0x00007cc6       0x32 ./FreeRTOS_SourceFiles/tasks.o
                0x00007cc6                vTaskInternalSetTimeOutState
 .text.xTaskCheckForTimeOut
                0x00007cf8       0xce ./FreeRTOS_SourceFiles/tasks.o
                0x00007cf8                xTaskCheckForTimeOut
 .text.vTaskMissedYield
                0x00007dc6       0x14 ./FreeRTOS_SourceFiles/tasks.o
                0x00007dc6                vTaskMissedYield
 .text.prvIdleTask
                0x00007dda       0x20 ./FreeRTOS_SourceFiles/tasks.o
 .text.prvInitialiseTaskLists
                0x00007dfa       0x7a ./FreeRTOS_SourceFiles/tasks.o
 .text.prvCheckTasksWaitingTermination
                0x00007e74       0x5e ./FreeRTOS_SourceFiles/tasks.o
 .text.prvDeleteTCB
                0x00007ed2       0x2c ./FreeRTOS_SourceFiles/tasks.o
 .text.prvResetNextTaskUnblockTime
                0x00007efe       0x44 ./FreeRTOS_SourceFiles/tasks.o
 .text.xTaskGetCurrentTaskHandle
                0x00007f42       0x24 ./FreeRTOS_SourceFiles/tasks.o
                0x00007f42                xTaskGetCurrentTaskHandle
 .text.xTaskPriorityInherit
                0x00007f66      0x1ca ./FreeRTOS_SourceFiles/tasks.o
                0x00007f66                xTaskPriorityInherit
 .text.xTaskPriorityDisinherit
                0x00008130      0x170 ./FreeRTOS_SourceFiles/tasks.o
                0x00008130                xTaskPriorityDisinherit
 .text.vTaskPriorityDisinheritAfterTimeout
                0x000082a0      0x1b0 ./FreeRTOS_SourceFiles/tasks.o
                0x000082a0                vTaskPriorityDisinheritAfterTimeout
 .text.uxTaskResetEventItemValue
                0x00008450       0x4e ./FreeRTOS_SourceFiles/tasks.o
                0x00008450                uxTaskResetEventItemValue
 .text.pvTaskIncrementMutexHeldCount
                0x0000849e       0x30 ./FreeRTOS_SourceFiles/tasks.o
                0x0000849e                pvTaskIncrementMutexHeldCount
 .text.ulTaskGenericNotifyTake
                0x000084ce      0x16c ./FreeRTOS_SourceFiles/tasks.o
                0x000084ce                ulTaskGenericNotifyTake
 .text.xTaskGenericNotifyWait
                0x0000863a      0x1ee ./FreeRTOS_SourceFiles/tasks.o
                0x0000863a                xTaskGenericNotifyWait
 .text.xTaskGenericNotify
                0x00008828      0x37c ./FreeRTOS_SourceFiles/tasks.o
                0x00008828                xTaskGenericNotify
 .text.xTaskGenericNotifyFromISR
                0x00008ba4      0x3fe ./FreeRTOS_SourceFiles/tasks.o
                0x00008ba4                xTaskGenericNotifyFromISR
 .text.vTaskGenericNotifyGiveFromISR
                0x00008fa2      0x2a0 ./FreeRTOS_SourceFiles/tasks.o
                0x00008fa2                vTaskGenericNotifyGiveFromISR
 .text.xTaskGenericNotifyStateClear
                0x00009242       0x92 ./FreeRTOS_SourceFiles/tasks.o
                0x00009242                xTaskGenericNotifyStateClear
 .text.ulTaskGenericNotifyValueClear
                0x000092d4      0x104 ./FreeRTOS_SourceFiles/tasks.o
                0x000092d4                ulTaskGenericNotifyValueClear
 .text.prvAddCurrentTaskToDelayedList
                0x000093d8       0xcc ./FreeRTOS_SourceFiles/tasks.o
 .text.main     0x000094a4      0x124 ./main.o
                0x000094a4                main
 .text.USART_Receive_ISR
                0x000095c8       0x4c ./main.o
                0x000095c8                USART_Receive_ISR
 .text.APP_Enable_System
                0x00009614       0x86 ./main.o
                0x00009614                APP_Enable_System
 .text.APP_ADXL
                0x0000969a       0xe6 ./main.o
                0x0000969a                APP_ADXL
 .text.APP_Alarm
                0x00009780       0x44 ./main.o
                0x00009780                APP_Alarm
 .text.APP_Disable_System
                0x000097c4       0x62 ./main.o
                0x000097c4                APP_Disable_System
 .text.libgcc   0x00009826       0x28 c:/users/b/desktop/rtos/tools/sdk_win_64/sdk_win_64/sdk_win_64/winavr/bin/../lib/gcc/avr/4.3.3/avr5\libgcc.a(_udivmodhi4.o)
                0x00009826                __udivmodhi4
 .text.libgcc   0x0000984e       0x44 c:/users/b/desktop/rtos/tools/sdk_win_64/sdk_win_64/sdk_win_64/winavr/bin/../lib/gcc/avr/4.3.3/avr5\libgcc.a(_udivmodsi4.o)
                0x0000984e                __udivmodsi4
 .text.libgcc   0x00009892        0x0 c:/users/b/desktop/rtos/tools/sdk_win_64/sdk_win_64/sdk_win_64/winavr/bin/../lib/gcc/avr/4.3.3/avr5\libgcc.a(_exit.o)
 .text.libgcc   0x00009892        0x0 c:/users/b/desktop/rtos/tools/sdk_win_64/sdk_win_64/sdk_win_64/winavr/bin/../lib/gcc/avr/4.3.3/avr5\libgcc.a(_copy_data.o)
 .text.libgcc   0x00009892        0x0 c:/users/b/desktop/rtos/tools/sdk_win_64/sdk_win_64/sdk_win_64/winavr/bin/../lib/gcc/avr/4.3.3/avr5\libgcc.a(_clear_bss.o)
 .text.libgcc   0x00009892       0x38 c:/users/b/desktop/rtos/tools/sdk_win_64/sdk_win_64/sdk_win_64/winavr/bin/../lib/gcc/avr/4.3.3/avr5\libgcc.a(_prologue.o)
                0x00009892                __prologue_saves__
 .text.libgcc   0x000098ca       0x36 c:/users/b/desktop/rtos/tools/sdk_win_64/sdk_win_64/sdk_win_64/winavr/bin/../lib/gcc/avr/4.3.3/avr5\libgcc.a(_epilogue.o)
                0x000098ca                __epilogue_restores__
 .text.avr-libc
                0x00009900       0x12 c:/users/b/desktop/rtos/tools/sdk_win_64/sdk_win_64/sdk_win_64/winavr/bin/../lib/gcc/avr/4.3.3/../../../../avr/lib/avr5\libc.a(memcpy.o)
                0x00009900                memcpy
 .text.avr-libc
                0x00009912        0xe c:/users/b/desktop/rtos/tools/sdk_win_64/sdk_win_64/sdk_win_64/winavr/bin/../lib/gcc/avr/4.3.3/../../../../avr/lib/avr5\libc.a(memset.o)
                0x00009912                memset
                0x00009920                . = ALIGN (0x2)
 *(.fini9)
 .fini9         0x00009920        0x0 c:/users/b/desktop/rtos/tools/sdk_win_64/sdk_win_64/sdk_win_64/winavr/bin/../lib/gcc/avr/4.3.3/avr5\libgcc.a(_exit.o)
                0x00009920                exit
                0x00009920                _exit
 *(.fini9)
 *(.fini8)
 *(.fini8)
 *(.fini7)
 *(.fini7)
 *(.fini6)
 *(.fini6)
 *(.fini5)
 *(.fini5)
 *(.fini4)
 *(.fini4)
 *(.fini3)
 *(.fini3)
 *(.fini2)
 *(.fini2)
 *(.fini1)
 *(.fini1)
 *(.fini0)
 .fini0         0x00009920        0x4 c:/users/b/desktop/rtos/tools/sdk_win_64/sdk_win_64/sdk_win_64/winavr/bin/../lib/gcc/avr/4.3.3/avr5\libgcc.a(_exit.o)
 *(.fini0)
                0x00009924                _etext = .

.data           0x00800060      0x126 load address 0x00009924
                0x00800060                PROVIDE (__data_start, .)
 *(.data)
 .data          0x00800060        0x0 c:/users/b/desktop/rtos/tools/sdk_win_64/sdk_win_64/sdk_win_64/winavr/bin/../lib/gcc/avr/4.3.3/../../../../avr/lib/avr5/crtm16.o
 .data          0x00800060        0x0 ./MCAL/MUSART/MUSART_Program.o
 .data          0x00800060        0x0 ./MCAL/MGIE/MGIE_Program.o
 .data          0x00800060        0x0 ./MCAL/MDIO/MDIO_Program.o
 .data          0x00800060        0x0 ./MCAL/MADC/MADC_Program.o
 .data          0x00800060        0x0 ./MCAL/I2C/I2C_master.o
 .data          0x00800060        0x0 ./HAL/HCLCD/HCLCD_Program.o
 .data          0x00800060        0x0 ./HAL/ADXL345/ADXL345_I2C.o
 .data          0x00800060        0x0 ./FreeRTOS_SourceFiles/croutine.o
 .data          0x00800060        0x0 ./FreeRTOS_SourceFiles/event_groups.o
 .data          0x00800060        0x0 ./FreeRTOS_SourceFiles/heap_1.o
 .data          0x00800060        0x0 ./FreeRTOS_SourceFiles/list.o
 .data          0x00800060        0x0 ./FreeRTOS_SourceFiles/port.o
 .data          0x00800060        0x0 ./FreeRTOS_SourceFiles/queue.o
 .data          0x00800060        0x0 ./FreeRTOS_SourceFiles/stream_buffer.o
 .data          0x00800060        0x5 ./FreeRTOS_SourceFiles/tasks.o
 .data          0x00800065        0x0 ./FreeRTOS_SourceFiles/timers.o
 .data          0x00800065       0x18 ./main.o
 .data          0x0080007d        0x0 c:/users/b/desktop/rtos/tools/sdk_win_64/sdk_win_64/sdk_win_64/winavr/bin/../lib/gcc/avr/4.3.3/avr5\libgcc.a(_udivmodhi4.o)
 .data          0x0080007d        0x0 c:/users/b/desktop/rtos/tools/sdk_win_64/sdk_win_64/sdk_win_64/winavr/bin/../lib/gcc/avr/4.3.3/avr5\libgcc.a(_udivmodsi4.o)
 .data          0x0080007d        0x0 c:/users/b/desktop/rtos/tools/sdk_win_64/sdk_win_64/sdk_win_64/winavr/bin/../lib/gcc/avr/4.3.3/avr5\libgcc.a(_exit.o)
 .data          0x0080007d        0x0 c:/users/b/desktop/rtos/tools/sdk_win_64/sdk_win_64/sdk_win_64/winavr/bin/../lib/gcc/avr/4.3.3/avr5\libgcc.a(_copy_data.o)
 .data          0x0080007d        0x0 c:/users/b/desktop/rtos/tools/sdk_win_64/sdk_win_64/sdk_win_64/winavr/bin/../lib/gcc/avr/4.3.3/avr5\libgcc.a(_clear_bss.o)
 .data          0x0080007d        0x0 c:/users/b/desktop/rtos/tools/sdk_win_64/sdk_win_64/sdk_win_64/winavr/bin/../lib/gcc/avr/4.3.3/avr5\libgcc.a(_fixunssfsi.o)
 .data          0x0080007d        0x0 c:/users/b/desktop/rtos/tools/sdk_win_64/sdk_win_64/sdk_win_64/winavr/bin/../lib/gcc/avr/4.3.3/avr5\libgcc.a(_addsub_sf.o)
 .data          0x0080007d        0x0 c:/users/b/desktop/rtos/tools/sdk_win_64/sdk_win_64/sdk_win_64/winavr/bin/../lib/gcc/avr/4.3.3/avr5\libgcc.a(_mul_sf.o)
 .data          0x0080007d        0x0 c:/users/b/desktop/rtos/tools/sdk_win_64/sdk_win_64/sdk_win_64/winavr/bin/../lib/gcc/avr/4.3.3/avr5\libgcc.a(_div_sf.o)
 .data          0x0080007d        0x0 c:/users/b/desktop/rtos/tools/sdk_win_64/sdk_win_64/sdk_win_64/winavr/bin/../lib/gcc/avr/4.3.3/avr5\libgcc.a(_ne_sf.o)
 .data          0x0080007d        0x0 c:/users/b/desktop/rtos/tools/sdk_win_64/sdk_win_64/sdk_win_64/winavr/bin/../lib/gcc/avr/4.3.3/avr5\libgcc.a(_gt_sf.o)
 .data          0x0080007d        0x0 c:/users/b/desktop/rtos/tools/sdk_win_64/sdk_win_64/sdk_win_64/winavr/bin/../lib/gcc/avr/4.3.3/avr5\libgcc.a(_ge_sf.o)
 .data          0x0080007d        0x0 c:/users/b/desktop/rtos/tools/sdk_win_64/sdk_win_64/sdk_win_64/winavr/bin/../lib/gcc/avr/4.3.3/avr5\libgcc.a(_lt_sf.o)
 .data          0x0080007d        0x0 c:/users/b/desktop/rtos/tools/sdk_win_64/sdk_win_64/sdk_win_64/winavr/bin/../lib/gcc/avr/4.3.3/avr5\libgcc.a(_si_to_sf.o)
 .data          0x0080007d        0x0 c:/users/b/desktop/rtos/tools/sdk_win_64/sdk_win_64/sdk_win_64/winavr/bin/../lib/gcc/avr/4.3.3/avr5\libgcc.a(_sf_to_si.o)
 .data          0x0080007d        0x8 c:/users/b/desktop/rtos/tools/sdk_win_64/sdk_win_64/sdk_win_64/winavr/bin/../lib/gcc/avr/4.3.3/avr5\libgcc.a(_thenan_sf.o)
                0x0080007d                __thenan_sf
 .data          0x00800085        0x0 c:/users/b/desktop/rtos/tools/sdk_win_64/sdk_win_64/sdk_win_64/winavr/bin/../lib/gcc/avr/4.3.3/avr5\libgcc.a(_prologue.o)
 .data          0x00800085        0x0 c:/users/b/desktop/rtos/tools/sdk_win_64/sdk_win_64/sdk_win_64/winavr/bin/../lib/gcc/avr/4.3.3/avr5\libgcc.a(_epilogue.o)
 .data          0x00800085        0x0 c:/users/b/desktop/rtos/tools/sdk_win_64/sdk_win_64/sdk_win_64/winavr/bin/../lib/gcc/avr/4.3.3/avr5\libgcc.a(_clzsi2.o)
 .data          0x00800085        0x0 c:/users/b/desktop/rtos/tools/sdk_win_64/sdk_win_64/sdk_win_64/winavr/bin/../lib/gcc/avr/4.3.3/avr5\libgcc.a(_pack_sf.o)
 .data          0x00800085        0x0 c:/users/b/desktop/rtos/tools/sdk_win_64/sdk_win_64/sdk_win_64/winavr/bin/../lib/gcc/avr/4.3.3/avr5\libgcc.a(_unpack_sf.o)
 .data          0x00800085        0x0 c:/users/b/desktop/rtos/tools/sdk_win_64/sdk_win_64/sdk_win_64/winavr/bin/../lib/gcc/avr/4.3.3/avr5\libgcc.a(_fpcmp_parts_sf.o)
 .data          0x00800085      0x100 c:/users/b/desktop/rtos/tools/sdk_win_64/sdk_win_64/sdk_win_64/winavr/bin/../lib/gcc/avr/4.3.3/avr5\libgcc.a(_clz.o)
                0x00800085                __clz_tab
 .data          0x00800185        0x0 c:/users/b/desktop/rtos/tools/sdk_win_64/sdk_win_64/sdk_win_64/winavr/bin/../lib/gcc/avr/4.3.3/../../../../avr/lib/avr5\libc.a(memcpy.o)
 .data          0x00800185        0x0 c:/users/b/desktop/rtos/tools/sdk_win_64/sdk_win_64/sdk_win_64/winavr/bin/../lib/gcc/avr/4.3.3/../../../../avr/lib/avr5\libc.a(memset.o)
 *(.data*)
 .data.uxTopUsedPriority
                0x00800185        0x1 ./FreeRTOS_SourceFiles/tasks.o
                0x00800185                uxTopUsedPriority
 *(.rodata)
 *(.rodata*)
 *(.gnu.linkonce.d*)
                0x00800186                . = ALIGN (0x2)
                0x00800186                _edata = .
                0x00800186                PROVIDE (__data_end, .)

.bss            0x00800186      0x68c
                0x00800186                PROVIDE (__bss_start, .)
 *(.bss)
 .bss           0x00800186        0x0 c:/users/b/desktop/rtos/tools/sdk_win_64/sdk_win_64/sdk_win_64/winavr/bin/../lib/gcc/avr/4.3.3/../../../../avr/lib/avr5/crtm16.o
 .bss           0x00800186        0x0 ./MCAL/MUSART/MUSART_Program.o
 .bss           0x00800186        0x0 ./MCAL/MGIE/MGIE_Program.o
 .bss           0x00800186        0x0 ./MCAL/MDIO/MDIO_Program.o
 .bss           0x00800186        0x0 ./MCAL/MADC/MADC_Program.o
 .bss           0x00800186        0x0 ./MCAL/I2C/I2C_master.o
 .bss           0x00800186        0x0 ./HAL/HCLCD/HCLCD_Program.o
 .bss           0x00800186        0x0 ./HAL/ADXL345/ADXL345_I2C.o
 .bss           0x00800186        0x0 ./FreeRTOS_SourceFiles/croutine.o
 .bss           0x00800186        0x0 ./FreeRTOS_SourceFiles/event_groups.o
 .bss           0x00800186        0x0 ./FreeRTOS_SourceFiles/heap_1.o
 .bss           0x00800186        0x0 ./FreeRTOS_SourceFiles/list.o
 .bss           0x00800186        0x0 ./FreeRTOS_SourceFiles/port.o
 .bss           0x00800186        0x0 ./FreeRTOS_SourceFiles/queue.o
 .bss           0x00800186        0x0 ./FreeRTOS_SourceFiles/stream_buffer.o
 .bss           0x00800186        0x0 ./FreeRTOS_SourceFiles/tasks.o
 .bss           0x00800186        0x0 ./FreeRTOS_SourceFiles/timers.o
 .bss           0x00800186        0x0 ./main.o
 .bss           0x00800186        0x0 c:/users/b/desktop/rtos/tools/sdk_win_64/sdk_win_64/sdk_win_64/winavr/bin/../lib/gcc/avr/4.3.3/avr5\libgcc.a(_udivmodhi4.o)
 .bss           0x00800186        0x0 c:/users/b/desktop/rtos/tools/sdk_win_64/sdk_win_64/sdk_win_64/winavr/bin/../lib/gcc/avr/4.3.3/avr5\libgcc.a(_udivmodsi4.o)
 .bss           0x00800186        0x0 c:/users/b/desktop/rtos/tools/sdk_win_64/sdk_win_64/sdk_win_64/winavr/bin/../lib/gcc/avr/4.3.3/avr5\libgcc.a(_exit.o)
 .bss           0x00800186        0x0 c:/users/b/desktop/rtos/tools/sdk_win_64/sdk_win_64/sdk_win_64/winavr/bin/../lib/gcc/avr/4.3.3/avr5\libgcc.a(_copy_data.o)
 .bss           0x00800186        0x0 c:/users/b/desktop/rtos/tools/sdk_win_64/sdk_win_64/sdk_win_64/winavr/bin/../lib/gcc/avr/4.3.3/avr5\libgcc.a(_clear_bss.o)
 .bss           0x00800186        0x0 c:/users/b/desktop/rtos/tools/sdk_win_64/sdk_win_64/sdk_win_64/winavr/bin/../lib/gcc/avr/4.3.3/avr5\libgcc.a(_fixunssfsi.o)
 .bss           0x00800186        0x0 c:/users/b/desktop/rtos/tools/sdk_win_64/sdk_win_64/sdk_win_64/winavr/bin/../lib/gcc/avr/4.3.3/avr5\libgcc.a(_addsub_sf.o)
 .bss           0x00800186        0x0 c:/users/b/desktop/rtos/tools/sdk_win_64/sdk_win_64/sdk_win_64/winavr/bin/../lib/gcc/avr/4.3.3/avr5\libgcc.a(_mul_sf.o)
 .bss           0x00800186        0x0 c:/users/b/desktop/rtos/tools/sdk_win_64/sdk_win_64/sdk_win_64/winavr/bin/../lib/gcc/avr/4.3.3/avr5\libgcc.a(_div_sf.o)
 .bss           0x00800186        0x0 c:/users/b/desktop/rtos/tools/sdk_win_64/sdk_win_64/sdk_win_64/winavr/bin/../lib/gcc/avr/4.3.3/avr5\libgcc.a(_ne_sf.o)
 .bss           0x00800186        0x0 c:/users/b/desktop/rtos/tools/sdk_win_64/sdk_win_64/sdk_win_64/winavr/bin/../lib/gcc/avr/4.3.3/avr5\libgcc.a(_gt_sf.o)
 .bss           0x00800186        0x0 c:/users/b/desktop/rtos/tools/sdk_win_64/sdk_win_64/sdk_win_64/winavr/bin/../lib/gcc/avr/4.3.3/avr5\libgcc.a(_ge_sf.o)
 .bss           0x00800186        0x0 c:/users/b/desktop/rtos/tools/sdk_win_64/sdk_win_64/sdk_win_64/winavr/bin/../lib/gcc/avr/4.3.3/avr5\libgcc.a(_lt_sf.o)
 .bss           0x00800186        0x0 c:/users/b/desktop/rtos/tools/sdk_win_64/sdk_win_64/sdk_win_64/winavr/bin/../lib/gcc/avr/4.3.3/avr5\libgcc.a(_si_to_sf.o)
 .bss           0x00800186        0x0 c:/users/b/desktop/rtos/tools/sdk_win_64/sdk_win_64/sdk_win_64/winavr/bin/../lib/gcc/avr/4.3.3/avr5\libgcc.a(_sf_to_si.o)
 .bss           0x00800186        0x0 c:/users/b/desktop/rtos/tools/sdk_win_64/sdk_win_64/sdk_win_64/winavr/bin/../lib/gcc/avr/4.3.3/avr5\libgcc.a(_thenan_sf.o)
 .bss           0x00800186        0x0 c:/users/b/desktop/rtos/tools/sdk_win_64/sdk_win_64/sdk_win_64/winavr/bin/../lib/gcc/avr/4.3.3/avr5\libgcc.a(_prologue.o)
 .bss           0x00800186        0x0 c:/users/b/desktop/rtos/tools/sdk_win_64/sdk_win_64/sdk_win_64/winavr/bin/../lib/gcc/avr/4.3.3/avr5\libgcc.a(_epilogue.o)
 .bss           0x00800186        0x0 c:/users/b/desktop/rtos/tools/sdk_win_64/sdk_win_64/sdk_win_64/winavr/bin/../lib/gcc/avr/4.3.3/avr5\libgcc.a(_clzsi2.o)
 .bss           0x00800186        0x0 c:/users/b/desktop/rtos/tools/sdk_win_64/sdk_win_64/sdk_win_64/winavr/bin/../lib/gcc/avr/4.3.3/avr5\libgcc.a(_pack_sf.o)
 .bss           0x00800186        0x0 c:/users/b/desktop/rtos/tools/sdk_win_64/sdk_win_64/sdk_win_64/winavr/bin/../lib/gcc/avr/4.3.3/avr5\libgcc.a(_unpack_sf.o)
 .bss           0x00800186        0x0 c:/users/b/desktop/rtos/tools/sdk_win_64/sdk_win_64/sdk_win_64/winavr/bin/../lib/gcc/avr/4.3.3/avr5\libgcc.a(_fpcmp_parts_sf.o)
 .bss           0x00800186        0x0 c:/users/b/desktop/rtos/tools/sdk_win_64/sdk_win_64/sdk_win_64/winavr/bin/../lib/gcc/avr/4.3.3/avr5\libgcc.a(_clz.o)
 .bss           0x00800186        0x0 c:/users/b/desktop/rtos/tools/sdk_win_64/sdk_win_64/sdk_win_64/winavr/bin/../lib/gcc/avr/4.3.3/../../../../avr/lib/avr5\libc.a(memcpy.o)
 .bss           0x00800186        0x0 c:/users/b/desktop/rtos/tools/sdk_win_64/sdk_win_64/sdk_win_64/winavr/bin/../lib/gcc/avr/4.3.3/../../../../avr/lib/avr5\libc.a(memset.o)
 *(.bss*)
 .bss.pxDelayedCoRoutineList
                0x00800186        0x2 ./FreeRTOS_SourceFiles/croutine.o
 .bss.pxOverflowDelayedCoRoutineList
                0x00800188        0x2 ./FreeRTOS_SourceFiles/croutine.o
 .bss.pxCurrentCoRoutine
                0x0080018a        0x2 ./FreeRTOS_SourceFiles/croutine.o
                0x0080018a                pxCurrentCoRoutine
 .bss.uxTopCoRoutineReadyPriority
                0x0080018c        0x1 ./FreeRTOS_SourceFiles/croutine.o
 .bss.xCoRoutineTickCount
                0x0080018d        0x2 ./FreeRTOS_SourceFiles/croutine.o
 .bss.xLastTickCount
                0x0080018f        0x2 ./FreeRTOS_SourceFiles/croutine.o
 .bss.xPassedTicks
                0x00800191        0x2 ./FreeRTOS_SourceFiles/croutine.o
 .bss.pxReadyCoRoutineLists
                0x00800193       0x12 ./FreeRTOS_SourceFiles/croutine.o
 .bss.xDelayedCoRoutineList1
                0x008001a5        0x9 ./FreeRTOS_SourceFiles/croutine.o
 .bss.xDelayedCoRoutineList2
                0x008001ae        0x9 ./FreeRTOS_SourceFiles/croutine.o
 .bss.xPendingReadyCoRoutineList
                0x008001b7        0x9 ./FreeRTOS_SourceFiles/croutine.o
 .bss.xNextFreeByte
                0x008001c0        0x2 ./FreeRTOS_SourceFiles/heap_1.o
 .bss.pucAlignedHeap.1669
                0x008001c2        0x2 ./FreeRTOS_SourceFiles/heap_1.o
 .bss.ucHeap    0x008001c4      0x5dc ./FreeRTOS_SourceFiles/heap_1.o
 .bss.pxCurrentTCB
                0x008007a0        0x2 ./FreeRTOS_SourceFiles/tasks.o
                0x008007a0                pxCurrentTCB
 .bss.uxDeletedTasksWaitingCleanUp
                0x008007a2        0x1 ./FreeRTOS_SourceFiles/tasks.o
 .bss.uxCurrentNumberOfTasks
                0x008007a3        0x1 ./FreeRTOS_SourceFiles/tasks.o
 .bss.xTickCount
                0x008007a4        0x2 ./FreeRTOS_SourceFiles/tasks.o
 .bss.uxTopReadyPriority
                0x008007a6        0x1 ./FreeRTOS_SourceFiles/tasks.o
 .bss.xSchedulerRunning
                0x008007a7        0x1 ./FreeRTOS_SourceFiles/tasks.o
 .bss.xPendedTicks
                0x008007a8        0x2 ./FreeRTOS_SourceFiles/tasks.o
 .bss.xYieldPending
                0x008007aa        0x1 ./FreeRTOS_SourceFiles/tasks.o
 .bss.xNumOfOverflows
                0x008007ab        0x1 ./FreeRTOS_SourceFiles/tasks.o
 .bss.uxTaskNumber
                0x008007ac        0x1 ./FreeRTOS_SourceFiles/tasks.o
 .bss.xNextTaskUnblockTime
                0x008007ad        0x2 ./FreeRTOS_SourceFiles/tasks.o
 .bss.xIdleTaskHandle
                0x008007af        0x2 ./FreeRTOS_SourceFiles/tasks.o
 .bss.uxSchedulerSuspended
                0x008007b1        0x1 ./FreeRTOS_SourceFiles/tasks.o
 .bss.pxReadyTasksLists
                0x008007b2       0x24 ./FreeRTOS_SourceFiles/tasks.o
 .bss.xDelayedTaskList1
                0x008007d6        0x9 ./FreeRTOS_SourceFiles/tasks.o
 .bss.xDelayedTaskList2
                0x008007df        0x9 ./FreeRTOS_SourceFiles/tasks.o
 .bss.pxDelayedTaskList
                0x008007e8        0x2 ./FreeRTOS_SourceFiles/tasks.o
 .bss.pxOverflowDelayedTaskList
                0x008007ea        0x2 ./FreeRTOS_SourceFiles/tasks.o
 .bss.xPendingReadyList
                0x008007ec        0x9 ./FreeRTOS_SourceFiles/tasks.o
 .bss.xTasksWaitingTermination
                0x008007f5        0x9 ./FreeRTOS_SourceFiles/tasks.o
 .bss.StartFlag
                0x008007fe        0x1 ./main.o
                0x008007fe                StartFlag
 .bss.StopFlag  0x008007ff        0x1 ./main.o
                0x008007ff                StopFlag
 *(COMMON)
 COMMON         0x00800800        0x2 ./MCAL/MUSART/MUSART_Program.o
                0x00800800                MUSART_CallBack
 COMMON         0x00800802        0x2 ./MCAL/MADC/MADC_Program.o
                0x00800802                MADC_CallBack
 COMMON         0x00800804        0xe ./main.o
                0x00800804                FlagAlarmSem
                0x00800806                UART_REC_Buffer
                0x00800810                EnabelSem
                0x00800812                PROVIDE (__bss_end, .)
                0x00009924                __data_load_start = LOADADDR (.data)
                0x00009a4a                __data_load_end = (__data_load_start + SIZEOF (.data))

.noinit         0x00800812        0x0
                0x00800812                PROVIDE (__noinit_start, .)
 *(.noinit*)
                0x00800812                PROVIDE (__noinit_end, .)
                0x00800812                _end = .
                0x00800812                PROVIDE (__heap_start, .)

.eeprom         0x00810000        0x0
 *(.eeprom*)
                0x00810000                __eeprom_end = .

.fuse
 *(.fuse)
 *(.lfuse)
 *(.hfuse)
 *(.efuse)

.lock
 *(.lock*)

.signature
 *(.signature*)

.stab           0x00000000     0xc3fc
 *(.stab)
 .stab          0x00000000      0x570 ./MCAL/MUSART/MUSART_Program.o
 .stab          0x00000570      0x1e0 ./MCAL/MGIE/MGIE_Program.o
                                0x1ec (size before relaxing)
 .stab          0x00000750      0x888 ./MCAL/MDIO/MDIO_Program.o
                                0x894 (size before relaxing)
 .stab          0x00000fd8      0x39c ./MCAL/MADC/MADC_Program.o
                                0x3a8 (size before relaxing)
 .stab          0x00001374      0x444 ./MCAL/I2C/I2C_master.o
                                0x450 (size before relaxing)
 .stab          0x000017b8     0x1350 ./HAL/HCLCD/HCLCD_Program.o
                               0x14dc (size before relaxing)
 .stab          0x00002b08      0x324 ./HAL/ADXL345/ADXL345_I2C.o
                                0x4e0 (size before relaxing)
 .stab          0x00002e2c      0xb1c ./FreeRTOS_SourceFiles/croutine.o
                                0xcd8 (size before relaxing)
 .stab          0x00003948      0xdf8 ./FreeRTOS_SourceFiles/event_groups.o
                               0x1134 (size before relaxing)
 .stab          0x00004740      0x30c ./FreeRTOS_SourceFiles/heap_1.o
                                0x7d4 (size before relaxing)
 .stab          0x00004a4c      0x474 ./FreeRTOS_SourceFiles/list.o
                                0x870 (size before relaxing)
 .stab          0x00004ec0      0x840 ./FreeRTOS_SourceFiles/port.o
                                0xcfc (size before relaxing)
 .stab          0x00005700     0x22e0 ./FreeRTOS_SourceFiles/queue.o
                               0x27e4 (size before relaxing)
 .stab          0x000079e0     0x15d8 ./FreeRTOS_SourceFiles/stream_buffer.o
                               0x1a34 (size before relaxing)
 .stab          0x00008fb8     0x294c ./FreeRTOS_SourceFiles/tasks.o
                               0x2e44 (size before relaxing)
 .stab          0x0000b904      0x1a4 ./FreeRTOS_SourceFiles/timers.o
                                0x6cc (size before relaxing)
 .stab          0x0000baa8      0x954 ./main.o
                                0xb4c (size before relaxing)

.stabstr        0x00000000     0x70cb
 *(.stabstr)
 .stabstr       0x00000000     0x70cb ./MCAL/MUSART/MUSART_Program.o

.stab.excl
 *(.stab.excl)

.stab.exclstr
 *(.stab.exclstr)

.stab.index
 *(.stab.index)

.stab.indexstr
 *(.stab.indexstr)

.comment
 *(.comment)

.debug
 *(.debug)

.line
 *(.line)

.debug_srcinfo
 *(.debug_srcinfo)

.debug_sfnames
 *(.debug_sfnames)

.debug_aranges  0x00000000      0x1c0
 *(.debug_aranges)
 .debug_aranges
                0x00000000       0x20 c:/users/b/desktop/rtos/tools/sdk_win_64/sdk_win_64/sdk_win_64/winavr/bin/../lib/gcc/avr/4.3.3/avr5\libgcc.a(_fixunssfsi.o)
 .debug_aranges
                0x00000020       0x20 c:/users/b/desktop/rtos/tools/sdk_win_64/sdk_win_64/sdk_win_64/winavr/bin/../lib/gcc/avr/4.3.3/avr5\libgcc.a(_addsub_sf.o)
 .debug_aranges
                0x00000040       0x20 c:/users/b/desktop/rtos/tools/sdk_win_64/sdk_win_64/sdk_win_64/winavr/bin/../lib/gcc/avr/4.3.3/avr5\libgcc.a(_mul_sf.o)
 .debug_aranges
                0x00000060       0x20 c:/users/b/desktop/rtos/tools/sdk_win_64/sdk_win_64/sdk_win_64/winavr/bin/../lib/gcc/avr/4.3.3/avr5\libgcc.a(_div_sf.o)
 .debug_aranges
                0x00000080       0x20 c:/users/b/desktop/rtos/tools/sdk_win_64/sdk_win_64/sdk_win_64/winavr/bin/../lib/gcc/avr/4.3.3/avr5\libgcc.a(_ne_sf.o)
 .debug_aranges
                0x000000a0       0x20 c:/users/b/desktop/rtos/tools/sdk_win_64/sdk_win_64/sdk_win_64/winavr/bin/../lib/gcc/avr/4.3.3/avr5\libgcc.a(_gt_sf.o)
 .debug_aranges
                0x000000c0       0x20 c:/users/b/desktop/rtos/tools/sdk_win_64/sdk_win_64/sdk_win_64/winavr/bin/../lib/gcc/avr/4.3.3/avr5\libgcc.a(_ge_sf.o)
 .debug_aranges
                0x000000e0       0x20 c:/users/b/desktop/rtos/tools/sdk_win_64/sdk_win_64/sdk_win_64/winavr/bin/../lib/gcc/avr/4.3.3/avr5\libgcc.a(_lt_sf.o)
 .debug_aranges
                0x00000100       0x20 c:/users/b/desktop/rtos/tools/sdk_win_64/sdk_win_64/sdk_win_64/winavr/bin/../lib/gcc/avr/4.3.3/avr5\libgcc.a(_si_to_sf.o)
 .debug_aranges
                0x00000120       0x20 c:/users/b/desktop/rtos/tools/sdk_win_64/sdk_win_64/sdk_win_64/winavr/bin/../lib/gcc/avr/4.3.3/avr5\libgcc.a(_sf_to_si.o)
 .debug_aranges
                0x00000140       0x20 c:/users/b/desktop/rtos/tools/sdk_win_64/sdk_win_64/sdk_win_64/winavr/bin/../lib/gcc/avr/4.3.3/avr5\libgcc.a(_clzsi2.o)
 .debug_aranges
                0x00000160       0x20 c:/users/b/desktop/rtos/tools/sdk_win_64/sdk_win_64/sdk_win_64/winavr/bin/../lib/gcc/avr/4.3.3/avr5\libgcc.a(_pack_sf.o)
 .debug_aranges
                0x00000180       0x20 c:/users/b/desktop/rtos/tools/sdk_win_64/sdk_win_64/sdk_win_64/winavr/bin/../lib/gcc/avr/4.3.3/avr5\libgcc.a(_unpack_sf.o)
 .debug_aranges
                0x000001a0       0x20 c:/users/b/desktop/rtos/tools/sdk_win_64/sdk_win_64/sdk_win_64/winavr/bin/../lib/gcc/avr/4.3.3/avr5\libgcc.a(_fpcmp_parts_sf.o)

.debug_pubnames
                0x00000000      0x20e
 *(.debug_pubnames)
 .debug_pubnames
                0x00000000       0x23 c:/users/b/desktop/rtos/tools/sdk_win_64/sdk_win_64/sdk_win_64/winavr/bin/../lib/gcc/avr/4.3.3/avr5\libgcc.a(_fixunssfsi.o)
 .debug_pubnames
                0x00000023       0x2c c:/users/b/desktop/rtos/tools/sdk_win_64/sdk_win_64/sdk_win_64/winavr/bin/../lib/gcc/avr/4.3.3/avr5\libgcc.a(_addsub_sf.o)
 .debug_pubnames
                0x0000004f       0x1f c:/users/b/desktop/rtos/tools/sdk_win_64/sdk_win_64/sdk_win_64/winavr/bin/../lib/gcc/avr/4.3.3/avr5\libgcc.a(_mul_sf.o)
 .debug_pubnames
                0x0000006e       0x1f c:/users/b/desktop/rtos/tools/sdk_win_64/sdk_win_64/sdk_win_64/winavr/bin/../lib/gcc/avr/4.3.3/avr5\libgcc.a(_div_sf.o)
 .debug_pubnames
                0x0000008d       0x1e c:/users/b/desktop/rtos/tools/sdk_win_64/sdk_win_64/sdk_win_64/winavr/bin/../lib/gcc/avr/4.3.3/avr5\libgcc.a(_ne_sf.o)
 .debug_pubnames
                0x000000ab       0x1e c:/users/b/desktop/rtos/tools/sdk_win_64/sdk_win_64/sdk_win_64/winavr/bin/../lib/gcc/avr/4.3.3/avr5\libgcc.a(_gt_sf.o)
 .debug_pubnames
                0x000000c9       0x1e c:/users/b/desktop/rtos/tools/sdk_win_64/sdk_win_64/sdk_win_64/winavr/bin/../lib/gcc/avr/4.3.3/avr5\libgcc.a(_ge_sf.o)
 .debug_pubnames
                0x000000e7       0x1e c:/users/b/desktop/rtos/tools/sdk_win_64/sdk_win_64/sdk_win_64/winavr/bin/../lib/gcc/avr/4.3.3/avr5\libgcc.a(_lt_sf.o)
 .debug_pubnames
                0x00000105       0x22 c:/users/b/desktop/rtos/tools/sdk_win_64/sdk_win_64/sdk_win_64/winavr/bin/../lib/gcc/avr/4.3.3/avr5\libgcc.a(_si_to_sf.o)
 .debug_pubnames
                0x00000127       0x20 c:/users/b/desktop/rtos/tools/sdk_win_64/sdk_win_64/sdk_win_64/winavr/bin/../lib/gcc/avr/4.3.3/avr5\libgcc.a(_sf_to_si.o)
 .debug_pubnames
                0x00000147       0x22 c:/users/b/desktop/rtos/tools/sdk_win_64/sdk_win_64/sdk_win_64/winavr/bin/../lib/gcc/avr/4.3.3/avr5\libgcc.a(_thenan_sf.o)
 .debug_pubnames
                0x00000169       0x1f c:/users/b/desktop/rtos/tools/sdk_win_64/sdk_win_64/sdk_win_64/winavr/bin/../lib/gcc/avr/4.3.3/avr5\libgcc.a(_clzsi2.o)
 .debug_pubnames
                0x00000188       0x1f c:/users/b/desktop/rtos/tools/sdk_win_64/sdk_win_64/sdk_win_64/winavr/bin/../lib/gcc/avr/4.3.3/avr5\libgcc.a(_pack_sf.o)
 .debug_pubnames
                0x000001a7       0x21 c:/users/b/desktop/rtos/tools/sdk_win_64/sdk_win_64/sdk_win_64/winavr/bin/../lib/gcc/avr/4.3.3/avr5\libgcc.a(_unpack_sf.o)
 .debug_pubnames
                0x000001c8       0x26 c:/users/b/desktop/rtos/tools/sdk_win_64/sdk_win_64/sdk_win_64/winavr/bin/../lib/gcc/avr/4.3.3/avr5\libgcc.a(_fpcmp_parts_sf.o)
 .debug_pubnames
                0x000001ee       0x20 c:/users/b/desktop/rtos/tools/sdk_win_64/sdk_win_64/sdk_win_64/winavr/bin/../lib/gcc/avr/4.3.3/avr5\libgcc.a(_clz.o)

.debug_info     0x00000000     0x268b
 *(.debug_info)
 .debug_info    0x00000000       0xb1 c:/users/b/desktop/rtos/tools/sdk_win_64/sdk_win_64/sdk_win_64/winavr/bin/../lib/gcc/avr/4.3.3/avr5\libgcc.a(_fixunssfsi.o)
 .debug_info    0x000000b1      0x47a c:/users/b/desktop/rtos/tools/sdk_win_64/sdk_win_64/sdk_win_64/winavr/bin/../lib/gcc/avr/4.3.3/avr5\libgcc.a(_addsub_sf.o)
 .debug_info    0x0000052b      0x485 c:/users/b/desktop/rtos/tools/sdk_win_64/sdk_win_64/sdk_win_64/winavr/bin/../lib/gcc/avr/4.3.3/avr5\libgcc.a(_mul_sf.o)
 .debug_info    0x000009b0      0x3fc c:/users/b/desktop/rtos/tools/sdk_win_64/sdk_win_64/sdk_win_64/winavr/bin/../lib/gcc/avr/4.3.3/avr5\libgcc.a(_div_sf.o)
 .debug_info    0x00000dac      0x27f c:/users/b/desktop/rtos/tools/sdk_win_64/sdk_win_64/sdk_win_64/winavr/bin/../lib/gcc/avr/4.3.3/avr5\libgcc.a(_ne_sf.o)
 .debug_info    0x0000102b      0x27f c:/users/b/desktop/rtos/tools/sdk_win_64/sdk_win_64/sdk_win_64/winavr/bin/../lib/gcc/avr/4.3.3/avr5\libgcc.a(_gt_sf.o)
 .debug_info    0x000012aa      0x27f c:/users/b/desktop/rtos/tools/sdk_win_64/sdk_win_64/sdk_win_64/winavr/bin/../lib/gcc/avr/4.3.3/avr5\libgcc.a(_ge_sf.o)
 .debug_info    0x00001529      0x27f c:/users/b/desktop/rtos/tools/sdk_win_64/sdk_win_64/sdk_win_64/winavr/bin/../lib/gcc/avr/4.3.3/avr5\libgcc.a(_lt_sf.o)
 .debug_info    0x000017a8      0x207 c:/users/b/desktop/rtos/tools/sdk_win_64/sdk_win_64/sdk_win_64/winavr/bin/../lib/gcc/avr/4.3.3/avr5\libgcc.a(_si_to_sf.o)
 .debug_info    0x000019af      0x2b0 c:/users/b/desktop/rtos/tools/sdk_win_64/sdk_win_64/sdk_win_64/winavr/bin/../lib/gcc/avr/4.3.3/avr5\libgcc.a(_sf_to_si.o)
 .debug_info    0x00001c5f      0x12c c:/users/b/desktop/rtos/tools/sdk_win_64/sdk_win_64/sdk_win_64/winavr/bin/../lib/gcc/avr/4.3.3/avr5\libgcc.a(_thenan_sf.o)
 .debug_info    0x00001d8b      0x117 c:/users/b/desktop/rtos/tools/sdk_win_64/sdk_win_64/sdk_win_64/winavr/bin/../lib/gcc/avr/4.3.3/avr5\libgcc.a(_clzsi2.o)
 .debug_info    0x00001ea2      0x2df c:/users/b/desktop/rtos/tools/sdk_win_64/sdk_win_64/sdk_win_64/winavr/bin/../lib/gcc/avr/4.3.3/avr5\libgcc.a(_pack_sf.o)
 .debug_info    0x00002181      0x251 c:/users/b/desktop/rtos/tools/sdk_win_64/sdk_win_64/sdk_win_64/winavr/bin/../lib/gcc/avr/4.3.3/avr5\libgcc.a(_unpack_sf.o)
 .debug_info    0x000023d2      0x210 c:/users/b/desktop/rtos/tools/sdk_win_64/sdk_win_64/sdk_win_64/winavr/bin/../lib/gcc/avr/4.3.3/avr5\libgcc.a(_fpcmp_parts_sf.o)
 .debug_info    0x000025e2       0xa9 c:/users/b/desktop/rtos/tools/sdk_win_64/sdk_win_64/sdk_win_64/winavr/bin/../lib/gcc/avr/4.3.3/avr5\libgcc.a(_clz.o)
 *(.gnu.linkonce.wi.*)

.debug_abbrev   0x00000000     0x14d1
 *(.debug_abbrev)
 .debug_abbrev  0x00000000       0x5d c:/users/b/desktop/rtos/tools/sdk_win_64/sdk_win_64/sdk_win_64/winavr/bin/../lib/gcc/avr/4.3.3/avr5\libgcc.a(_fixunssfsi.o)
 .debug_abbrev  0x0000005d      0x1ea c:/users/b/desktop/rtos/tools/sdk_win_64/sdk_win_64/sdk_win_64/winavr/bin/../lib/gcc/avr/4.3.3/avr5\libgcc.a(_addsub_sf.o)
 .debug_abbrev  0x00000247      0x21b c:/users/b/desktop/rtos/tools/sdk_win_64/sdk_win_64/sdk_win_64/winavr/bin/../lib/gcc/avr/4.3.3/avr5\libgcc.a(_mul_sf.o)
 .debug_abbrev  0x00000462      0x216 c:/users/b/desktop/rtos/tools/sdk_win_64/sdk_win_64/sdk_win_64/winavr/bin/../lib/gcc/avr/4.3.3/avr5\libgcc.a(_div_sf.o)
 .debug_abbrev  0x00000678      0x15a c:/users/b/desktop/rtos/tools/sdk_win_64/sdk_win_64/sdk_win_64/winavr/bin/../lib/gcc/avr/4.3.3/avr5\libgcc.a(_ne_sf.o)
 .debug_abbrev  0x000007d2      0x15a c:/users/b/desktop/rtos/tools/sdk_win_64/sdk_win_64/sdk_win_64/winavr/bin/../lib/gcc/avr/4.3.3/avr5\libgcc.a(_gt_sf.o)
 .debug_abbrev  0x0000092c      0x15a c:/users/b/desktop/rtos/tools/sdk_win_64/sdk_win_64/sdk_win_64/winavr/bin/../lib/gcc/avr/4.3.3/avr5\libgcc.a(_ge_sf.o)
 .debug_abbrev  0x00000a86      0x15a c:/users/b/desktop/rtos/tools/sdk_win_64/sdk_win_64/sdk_win_64/winavr/bin/../lib/gcc/avr/4.3.3/avr5\libgcc.a(_lt_sf.o)
 .debug_abbrev  0x00000be0      0x148 c:/users/b/desktop/rtos/tools/sdk_win_64/sdk_win_64/sdk_win_64/winavr/bin/../lib/gcc/avr/4.3.3/avr5\libgcc.a(_si_to_sf.o)
 .debug_abbrev  0x00000d28      0x17f c:/users/b/desktop/rtos/tools/sdk_win_64/sdk_win_64/sdk_win_64/winavr/bin/../lib/gcc/avr/4.3.3/avr5\libgcc.a(_sf_to_si.o)
 .debug_abbrev  0x00000ea7       0xad c:/users/b/desktop/rtos/tools/sdk_win_64/sdk_win_64/sdk_win_64/winavr/bin/../lib/gcc/avr/4.3.3/avr5\libgcc.a(_thenan_sf.o)
 .debug_abbrev  0x00000f54       0xc4 c:/users/b/desktop/rtos/tools/sdk_win_64/sdk_win_64/sdk_win_64/winavr/bin/../lib/gcc/avr/4.3.3/avr5\libgcc.a(_clzsi2.o)
 .debug_abbrev  0x00001018      0x1c0 c:/users/b/desktop/rtos/tools/sdk_win_64/sdk_win_64/sdk_win_64/winavr/bin/../lib/gcc/avr/4.3.3/avr5\libgcc.a(_pack_sf.o)
 .debug_abbrev  0x000011d8      0x154 c:/users/b/desktop/rtos/tools/sdk_win_64/sdk_win_64/sdk_win_64/winavr/bin/../lib/gcc/avr/4.3.3/avr5\libgcc.a(_unpack_sf.o)
 .debug_abbrev  0x0000132c      0x13b c:/users/b/desktop/rtos/tools/sdk_win_64/sdk_win_64/sdk_win_64/winavr/bin/../lib/gcc/avr/4.3.3/avr5\libgcc.a(_fpcmp_parts_sf.o)
 .debug_abbrev  0x00001467       0x6a c:/users/b/desktop/rtos/tools/sdk_win_64/sdk_win_64/sdk_win_64/winavr/bin/../lib/gcc/avr/4.3.3/avr5\libgcc.a(_clz.o)

.debug_line     0x00000000     0x12ab
 *(.debug_line)
 .debug_line    0x00000000       0xa7 c:/users/b/desktop/rtos/tools/sdk_win_64/sdk_win_64/sdk_win_64/winavr/bin/../lib/gcc/avr/4.3.3/avr5\libgcc.a(_fixunssfsi.o)
 .debug_line    0x000000a7      0x2af c:/users/b/desktop/rtos/tools/sdk_win_64/sdk_win_64/sdk_win_64/winavr/bin/../lib/gcc/avr/4.3.3/avr5\libgcc.a(_addsub_sf.o)
 .debug_line    0x00000356      0x239 c:/users/b/desktop/rtos/tools/sdk_win_64/sdk_win_64/sdk_win_64/winavr/bin/../lib/gcc/avr/4.3.3/avr5\libgcc.a(_mul_sf.o)
 .debug_line    0x0000058f      0x1d5 c:/users/b/desktop/rtos/tools/sdk_win_64/sdk_win_64/sdk_win_64/winavr/bin/../lib/gcc/avr/4.3.3/avr5\libgcc.a(_div_sf.o)
 .debug_line    0x00000764       0xd3 c:/users/b/desktop/rtos/tools/sdk_win_64/sdk_win_64/sdk_win_64/winavr/bin/../lib/gcc/avr/4.3.3/avr5\libgcc.a(_ne_sf.o)
 .debug_line    0x00000837       0xd3 c:/users/b/desktop/rtos/tools/sdk_win_64/sdk_win_64/sdk_win_64/winavr/bin/../lib/gcc/avr/4.3.3/avr5\libgcc.a(_gt_sf.o)
 .debug_line    0x0000090a       0xd3 c:/users/b/desktop/rtos/tools/sdk_win_64/sdk_win_64/sdk_win_64/winavr/bin/../lib/gcc/avr/4.3.3/avr5\libgcc.a(_ge_sf.o)
 .debug_line    0x000009dd       0xd3 c:/users/b/desktop/rtos/tools/sdk_win_64/sdk_win_64/sdk_win_64/winavr/bin/../lib/gcc/avr/4.3.3/avr5\libgcc.a(_lt_sf.o)
 .debug_line    0x00000ab0      0x135 c:/users/b/desktop/rtos/tools/sdk_win_64/sdk_win_64/sdk_win_64/winavr/bin/../lib/gcc/avr/4.3.3/avr5\libgcc.a(_si_to_sf.o)
 .debug_line    0x00000be5      0x109 c:/users/b/desktop/rtos/tools/sdk_win_64/sdk_win_64/sdk_win_64/winavr/bin/../lib/gcc/avr/4.3.3/avr5\libgcc.a(_sf_to_si.o)
 .debug_line    0x00000cee       0x90 c:/users/b/desktop/rtos/tools/sdk_win_64/sdk_win_64/sdk_win_64/winavr/bin/../lib/gcc/avr/4.3.3/avr5\libgcc.a(_thenan_sf.o)
 .debug_line    0x00000d7e       0xa5 c:/users/b/desktop/rtos/tools/sdk_win_64/sdk_win_64/sdk_win_64/winavr/bin/../lib/gcc/avr/4.3.3/avr5\libgcc.a(_clzsi2.o)
 .debug_line    0x00000e23      0x18a c:/users/b/desktop/rtos/tools/sdk_win_64/sdk_win_64/sdk_win_64/winavr/bin/../lib/gcc/avr/4.3.3/avr5\libgcc.a(_pack_sf.o)
 .debug_line    0x00000fad      0x14b c:/users/b/desktop/rtos/tools/sdk_win_64/sdk_win_64/sdk_win_64/winavr/bin/../lib/gcc/avr/4.3.3/avr5\libgcc.a(_unpack_sf.o)
 .debug_line    0x000010f8      0x137 c:/users/b/desktop/rtos/tools/sdk_win_64/sdk_win_64/sdk_win_64/winavr/bin/../lib/gcc/avr/4.3.3/avr5\libgcc.a(_fpcmp_parts_sf.o)
 .debug_line    0x0000122f       0x7c c:/users/b/desktop/rtos/tools/sdk_win_64/sdk_win_64/sdk_win_64/winavr/bin/../lib/gcc/avr/4.3.3/avr5\libgcc.a(_clz.o)

.debug_frame    0x00000000      0x1e0
 *(.debug_frame)
 .debug_frame   0x00000000       0x20 c:/users/b/desktop/rtos/tools/sdk_win_64/sdk_win_64/sdk_win_64/winavr/bin/../lib/gcc/avr/4.3.3/avr5\libgcc.a(_fixunssfsi.o)
 .debug_frame   0x00000020       0x40 c:/users/b/desktop/rtos/tools/sdk_win_64/sdk_win_64/sdk_win_64/winavr/bin/../lib/gcc/avr/4.3.3/avr5\libgcc.a(_addsub_sf.o)
 .debug_frame   0x00000060       0x20 c:/users/b/desktop/rtos/tools/sdk_win_64/sdk_win_64/sdk_win_64/winavr/bin/../lib/gcc/avr/4.3.3/avr5\libgcc.a(_mul_sf.o)
 .debug_frame   0x00000080       0x20 c:/users/b/desktop/rtos/tools/sdk_win_64/sdk_win_64/sdk_win_64/winavr/bin/../lib/gcc/avr/4.3.3/avr5\libgcc.a(_div_sf.o)
 .debug_frame   0x000000a0       0x20 c:/users/b/desktop/rtos/tools/sdk_win_64/sdk_win_64/sdk_win_64/winavr/bin/../lib/gcc/avr/4.3.3/avr5\libgcc.a(_ne_sf.o)
 .debug_frame   0x000000c0       0x20 c:/users/b/desktop/rtos/tools/sdk_win_64/sdk_win_64/sdk_win_64/winavr/bin/../lib/gcc/avr/4.3.3/avr5\libgcc.a(_gt_sf.o)
 .debug_frame   0x000000e0       0x20 c:/users/b/desktop/rtos/tools/sdk_win_64/sdk_win_64/sdk_win_64/winavr/bin/../lib/gcc/avr/4.3.3/avr5\libgcc.a(_ge_sf.o)
 .debug_frame   0x00000100       0x20 c:/users/b/desktop/rtos/tools/sdk_win_64/sdk_win_64/sdk_win_64/winavr/bin/../lib/gcc/avr/4.3.3/avr5\libgcc.a(_lt_sf.o)
 .debug_frame   0x00000120       0x20 c:/users/b/desktop/rtos/tools/sdk_win_64/sdk_win_64/sdk_win_64/winavr/bin/../lib/gcc/avr/4.3.3/avr5\libgcc.a(_si_to_sf.o)
 .debug_frame   0x00000140       0x20 c:/users/b/desktop/rtos/tools/sdk_win_64/sdk_win_64/sdk_win_64/winavr/bin/../lib/gcc/avr/4.3.3/avr5\libgcc.a(_sf_to_si.o)
 .debug_frame   0x00000160       0x20 c:/users/b/desktop/rtos/tools/sdk_win_64/sdk_win_64/sdk_win_64/winavr/bin/../lib/gcc/avr/4.3.3/avr5\libgcc.a(_clzsi2.o)
 .debug_frame   0x00000180       0x20 c:/users/b/desktop/rtos/tools/sdk_win_64/sdk_win_64/sdk_win_64/winavr/bin/../lib/gcc/avr/4.3.3/avr5\libgcc.a(_pack_sf.o)
 .debug_frame   0x000001a0       0x20 c:/users/b/desktop/rtos/tools/sdk_win_64/sdk_win_64/sdk_win_64/winavr/bin/../lib/gcc/avr/4.3.3/avr5\libgcc.a(_unpack_sf.o)
 .debug_frame   0x000001c0       0x20 c:/users/b/desktop/rtos/tools/sdk_win_64/sdk_win_64/sdk_win_64/winavr/bin/../lib/gcc/avr/4.3.3/avr5\libgcc.a(_fpcmp_parts_sf.o)

.debug_str      0x00000000      0x2fb
 *(.debug_str)
 .debug_str     0x00000000       0xbf c:/users/b/desktop/rtos/tools/sdk_win_64/sdk_win_64/sdk_win_64/winavr/bin/../lib/gcc/avr/4.3.3/avr5\libgcc.a(_fixunssfsi.o)
                                 0xfe (size before relaxing)
 .debug_str     0x000000bf      0x14d c:/users/b/desktop/rtos/tools/sdk_win_64/sdk_win_64/sdk_win_64/winavr/bin/../lib/gcc/avr/4.3.3/avr5\libgcc.a(_addsub_sf.o)
                                0x206 (size before relaxing)
 .debug_str     0x0000020c       0x27 c:/users/b/desktop/rtos/tools/sdk_win_64/sdk_win_64/sdk_win_64/winavr/bin/../lib/gcc/avr/4.3.3/avr5\libgcc.a(_mul_sf.o)
                                0x1bf (size before relaxing)
 .debug_str     0x00000233       0x35 c:/users/b/desktop/rtos/tools/sdk_win_64/sdk_win_64/sdk_win_64/winavr/bin/../lib/gcc/avr/4.3.3/avr5\libgcc.a(_div_sf.o)
                                0x1c8 (size before relaxing)
 .debug_str     0x00000268        0x8 c:/users/b/desktop/rtos/tools/sdk_win_64/sdk_win_64/sdk_win_64/winavr/bin/../lib/gcc/avr/4.3.3/avr5\libgcc.a(_ne_sf.o)
                                0x195 (size before relaxing)
 .debug_str     0x00000270        0x8 c:/users/b/desktop/rtos/tools/sdk_win_64/sdk_win_64/sdk_win_64/winavr/bin/../lib/gcc/avr/4.3.3/avr5\libgcc.a(_gt_sf.o)
                                0x195 (size before relaxing)
 .debug_str     0x00000278        0x8 c:/users/b/desktop/rtos/tools/sdk_win_64/sdk_win_64/sdk_win_64/winavr/bin/../lib/gcc/avr/4.3.3/avr5\libgcc.a(_ge_sf.o)
                                0x195 (size before relaxing)
 .debug_str     0x00000280        0x8 c:/users/b/desktop/rtos/tools/sdk_win_64/sdk_win_64/sdk_win_64/winavr/bin/../lib/gcc/avr/4.3.3/avr5\libgcc.a(_lt_sf.o)
                                0x195 (size before relaxing)
 .debug_str     0x00000288       0x1e c:/users/b/desktop/rtos/tools/sdk_win_64/sdk_win_64/sdk_win_64/winavr/bin/../lib/gcc/avr/4.3.3/avr5\libgcc.a(_si_to_sf.o)
                                0x17b (size before relaxing)
 .debug_str     0x000002a6        0xa c:/users/b/desktop/rtos/tools/sdk_win_64/sdk_win_64/sdk_win_64/winavr/bin/../lib/gcc/avr/4.3.3/avr5\libgcc.a(_sf_to_si.o)
                                0x19e (size before relaxing)
 .debug_str     0x00000000      0x103 c:/users/b/desktop/rtos/tools/sdk_win_64/sdk_win_64/sdk_win_64/winavr/bin/../lib/gcc/avr/4.3.3/avr5\libgcc.a(_thenan_sf.o)
 .debug_str     0x000002b0       0x20 c:/users/b/desktop/rtos/tools/sdk_win_64/sdk_win_64/sdk_win_64/winavr/bin/../lib/gcc/avr/4.3.3/avr5\libgcc.a(_clzsi2.o)
                                0x111 (size before relaxing)
 .debug_str     0x000002d0       0x10 c:/users/b/desktop/rtos/tools/sdk_win_64/sdk_win_64/sdk_win_64/winavr/bin/../lib/gcc/avr/4.3.3/avr5\libgcc.a(_pack_sf.o)
                                0x19d (size before relaxing)
 .debug_str     0x000002e0        0xb c:/users/b/desktop/rtos/tools/sdk_win_64/sdk_win_64/sdk_win_64/winavr/bin/../lib/gcc/avr/4.3.3/avr5\libgcc.a(_unpack_sf.o)
                                0x17f (size before relaxing)
 .debug_str     0x000002eb       0x10 c:/users/b/desktop/rtos/tools/sdk_win_64/sdk_win_64/sdk_win_64/winavr/bin/../lib/gcc/avr/4.3.3/avr5\libgcc.a(_fpcmp_parts_sf.o)
                                0x163 (size before relaxing)
 .debug_str     0x00000000       0xf4 c:/users/b/desktop/rtos/tools/sdk_win_64/sdk_win_64/sdk_win_64/winavr/bin/../lib/gcc/avr/4.3.3/avr5\libgcc.a(_clz.o)

.debug_loc      0x00000000      0xa0a
 *(.debug_loc)
 .debug_loc     0x00000000       0x34 c:/users/b/desktop/rtos/tools/sdk_win_64/sdk_win_64/sdk_win_64/winavr/bin/../lib/gcc/avr/4.3.3/avr5\libgcc.a(_fixunssfsi.o)
 .debug_loc     0x00000034      0x32a c:/users/b/desktop/rtos/tools/sdk_win_64/sdk_win_64/sdk_win_64/winavr/bin/../lib/gcc/avr/4.3.3/avr5\libgcc.a(_addsub_sf.o)
 .debug_loc     0x0000035e      0x104 c:/users/b/desktop/rtos/tools/sdk_win_64/sdk_win_64/sdk_win_64/winavr/bin/../lib/gcc/avr/4.3.3/avr5\libgcc.a(_mul_sf.o)
 .debug_loc     0x00000462       0xc0 c:/users/b/desktop/rtos/tools/sdk_win_64/sdk_win_64/sdk_win_64/winavr/bin/../lib/gcc/avr/4.3.3/avr5\libgcc.a(_div_sf.o)
 .debug_loc     0x00000522       0x3c c:/users/b/desktop/rtos/tools/sdk_win_64/sdk_win_64/sdk_win_64/winavr/bin/../lib/gcc/avr/4.3.3/avr5\libgcc.a(_ne_sf.o)
 .debug_loc     0x0000055e       0x3c c:/users/b/desktop/rtos/tools/sdk_win_64/sdk_win_64/sdk_win_64/winavr/bin/../lib/gcc/avr/4.3.3/avr5\libgcc.a(_gt_sf.o)
 .debug_loc     0x0000059a       0x3c c:/users/b/desktop/rtos/tools/sdk_win_64/sdk_win_64/sdk_win_64/winavr/bin/../lib/gcc/avr/4.3.3/avr5\libgcc.a(_ge_sf.o)
 .debug_loc     0x000005d6       0x3c c:/users/b/desktop/rtos/tools/sdk_win_64/sdk_win_64/sdk_win_64/winavr/bin/../lib/gcc/avr/4.3.3/avr5\libgcc.a(_lt_sf.o)
 .debug_loc     0x00000612       0xac c:/users/b/desktop/rtos/tools/sdk_win_64/sdk_win_64/sdk_win_64/winavr/bin/../lib/gcc/avr/4.3.3/avr5\libgcc.a(_si_to_sf.o)
 .debug_loc     0x000006be       0x7e c:/users/b/desktop/rtos/tools/sdk_win_64/sdk_win_64/sdk_win_64/winavr/bin/../lib/gcc/avr/4.3.3/avr5\libgcc.a(_sf_to_si.o)
 .debug_loc     0x0000073c       0x94 c:/users/b/desktop/rtos/tools/sdk_win_64/sdk_win_64/sdk_win_64/winavr/bin/../lib/gcc/avr/4.3.3/avr5\libgcc.a(_clzsi2.o)
 .debug_loc     0x000007d0      0x13e c:/users/b/desktop/rtos/tools/sdk_win_64/sdk_win_64/sdk_win_64/winavr/bin/../lib/gcc/avr/4.3.3/avr5\libgcc.a(_pack_sf.o)
 .debug_loc     0x0000090e       0xac c:/users/b/desktop/rtos/tools/sdk_win_64/sdk_win_64/sdk_win_64/winavr/bin/../lib/gcc/avr/4.3.3/avr5\libgcc.a(_unpack_sf.o)
 .debug_loc     0x000009ba       0x50 c:/users/b/desktop/rtos/tools/sdk_win_64/sdk_win_64/sdk_win_64/winavr/bin/../lib/gcc/avr/4.3.3/avr5\libgcc.a(_fpcmp_parts_sf.o)

.debug_macinfo
 *(.debug_macinfo)
OUTPUT(NTI_Project.elf elf32-avr)
LOAD linker stubs

.debug_ranges   0x00000000       0x50
 .debug_ranges  0x00000000       0x50 c:/users/b/desktop/rtos/tools/sdk_win_64/sdk_win_64/sdk_win_64/winavr/bin/../lib/gcc/avr/4.3.3/avr5\libgcc.a(_mul_sf.o)
